Microsoft Windows [Version 10.0.22621.819]
(c) Microsoft Corporation. All rights reserved.

D:\react-routing-app>code .

D:\react-routing-app>firebase login
i  Firebase optionally collects CLI and Emulator Suite usage and error reporting information to help improve our products. Data is collected in accordance with Google's privacy policy (https://policies.google.com/privacy) and is not used to identify you.

? Allow Firebase to collect CLI and Emulator Suite usage and error reporting information? Yes
i  To change your data collection preference at any time, run `firebase logout` and log in again.

Visit this URL on this device to log in:
https://accounts.google.com/o/oauth2/auth?client_id=563584335869-fgrhgmd47bqnekij5i8b5pr03ho849e6.apps.googleusercontent.com&scope=email%20openid%20https%3A%2F%2Fwww.googleapis.com%2Fauth%2Fcloudplatformprojects.readonly%20https%3A%2F%2Fwww.googleapis.com%2Fauth%2Ffirebase%20https%3A%2F%2Fwww.googleapis.com%2Fauth%2Fcloud-platform&response_type=code&state=810707817&redirect_uri=http%3A%2F%2Flocalhost%3A9005

Waiting for authentication...

+  Success! Logged in as athira@baabte.com

D:\react-routing-app>ls
'ls' is not recognized as an internal or external command,
operable program or batch file.

D:\react-routing-app>dir
 Volume in drive D is DATA
 Volume Serial Number is C42D-9FE4

 Directory of D:\react-routing-app

27-11-2022  21:17    <DIR>          .
26-11-2022  17:45    <DIR>          node_modules
26-11-2022  17:45             6,002 package-lock.json
26-11-2022  17:45                61 package.json
26-11-2022  17:44    <DIR>          react-routing-app
               2 File(s)          6,063 bytes
               3 Dir(s)  231,745,110,016 bytes free

D:\react-routing-app>cd ..

D:\>dir
 Volume in drive D is DATA
 Volume Serial Number is C42D-9FE4

 Directory of D:\

08-11-2022  06:39    <DIR>          Baabtra React Course
07-11-2022  23:47    <DIR>          Content Preparation
13-11-2022  12:18    <DIR>          counter
26-11-2022  20:59    <DIR>          HTML form data Node.JS
13-11-2022  17:23    <DIR>          learn
19-07-2022  10:06               152 Microsoft Login Credentials.txt
26-11-2022  21:01    <DIR>          Node
08-11-2022  15:16    <DIR>          nvm-setup (1)
18-10-2022  14:23    <DIR>          React
04-11-2022  13:01    <DIR>          React - Copy
26-11-2022  18:05    <DIR>          React-Apps
27-11-2022  21:17    <DIR>          react-routing-app
26-11-2022  19:25    <DIR>          typescript-app
               1 File(s)            152 bytes
              12 Dir(s)  231,745,110,016 bytes free

D:\>cd React-Apps

D:\React-Apps>cd react-routing-app

D:\React-Apps\react-routing-app>dir
 Volume in drive D is DATA
 Volume Serial Number is C42D-9FE4

 Directory of D:\React-Apps\react-routing-app

26-11-2022  18:06    <DIR>          .
26-11-2022  18:05    <DIR>          ..
26-11-2022  18:09    <DIR>          react-routing-app
               0 File(s)              0 bytes
               3 Dir(s)  231,745,110,016 bytes free

D:\React-Apps\react-routing-app>cd react-routing-app

D:\React-Apps\react-routing-app\react-routing-app>dir
 Volume in drive D is DATA
 Volume Serial Number is C42D-9FE4

 Directory of D:\React-Apps\react-routing-app\react-routing-app

26-11-2022  18:09    <DIR>          .
26-11-2022  18:06    <DIR>          ..
26-11-2022  18:08               310 .gitignore
26-11-2022  19:08    <DIR>          node_modules
26-11-2022  19:08         1,337,514 package-lock.json
26-11-2022  19:08             1,014 package.json
26-11-2022  18:09    <DIR>          public
26-11-2022  18:08             3,359 README.md
26-11-2022  18:09    <DIR>          src
               4 File(s)      1,342,197 bytes
               5 Dir(s)  231,745,110,016 bytes free

D:\React-Apps\react-routing-app\react-routing-app>npm run build

> react-routing-app@0.1.0 build
> react-scripts build

Creating an optimized production build...
Failed to compile.

Module not found: Error: Can't resolve '@mui/material/Chip' in 'D:\React-Apps\react-routing-app\react-routing-app\src\components\comp2'



D:\React-Apps\react-routing-app\react-routing-app>firebase init

     ######## #### ########  ######## ########     ###     ######  ########
     ##        ##  ##     ## ##       ##     ##  ##   ##  ##       ##
     ######    ##  ########  ######   ########  #########  ######  ######
     ##        ##  ##    ##  ##       ##     ## ##     ##       ## ##
     ##       #### ##     ## ######## ########  ##     ##  ######  ########

You're about to initialize a Firebase project in this directory:

? Which Firebase features do you want to set up for this directory? Press Space to select features, then Enter to confirm your choices.

Error: Must select at least one feature. Use SPACEBAR to select features, or specify a feature by running firebase init [feature_name]

D:\React-Apps\react-routing-app\react-routing-app>firebase init

     ######## #### ########  ######## ########     ###     ######  ########
     ##        ##  ##     ## ##       ##     ##  ##   ##  ##       ##
     ######    ##  ########  ######   ########  #########  ######  ######
     ##        ##  ##    ##  ##       ##     ## ##     ##       ## ##
     ##       #### ##     ## ######## ########  ##     ##  ######  ########

You're about to initialize a Firebase project in this directory:

  D:\React-Apps\react-routing-app\react-routing-app

? Are you ready to proceed? Yes
? Which Firebase features do you want to set up for this directory? Press Space to select features, then Enter to confirm your choices. Hosting: Configure files for Firebase Hosting and (optionally) set up GitHub Action deploys

=== Project Setup

First, let's associate this project directory with a Firebase project.
You can create multiple project aliases by running firebase use --add,
but for now we'll just set up a default project.

? Please select an option: Use an existing project
? Select a default Firebase project for this directory: baabtra-react-athira (baabtra-react-athira)
i  Using project baabtra-react-athira (baabtra-react-athira)

=== Hosting Setup

Your public directory is the folder (relative to your project directory) that
will contain Hosting assets to be uploaded with firebase deploy. If you
have a build process for your assets, use your build's output directory.

? What do you want to use as your public directory? build
? Configure as a single-page app (rewrite all urls to /index.html)? Yes
? Set up automatic builds and deploys with GitHub? No
+  Wrote build/index.html

i  Writing configuration info to firebase.json...
i  Writing project information to .firebaserc...

+  Firebase initialization complete!

D:\React-Apps\react-routing-app\react-routing-app>firebase deploy

=== Deploying to 'baabtra-react-athira'...

i  deploying hosting
i  hosting[baabtra-react-athira]: beginning deploy...
i  hosting[baabtra-react-athira]: found 6 files in build
+  hosting[baabtra-react-athira]: file upload complete
i  hosting[baabtra-react-athira]: finalizing version...
+  hosting[baabtra-react-athira]: version finalized
i  hosting[baabtra-react-athira]: releasing new version...
+  hosting[baabtra-react-athira]: release complete

+  Deploy complete!

Project Console: https://console.firebase.google.com/project/baabtra-react-athira/overview
Hosting URL: https://baabtra-react-athira.web.app

D:\React-Apps\react-routing-app\react-routing-app>npm run build

> react-routing-app@0.1.0 build
> react-scripts build

Creating an optimized production build...
Compiled with warnings.

[eslint]
src\components\comp3\Comp3.js
  Line 8:11:  'isMobile' is assigned a value but never used  no-unused-vars

Search for the keywords to learn more about each warning.
To ignore, add // eslint-disable-next-line to the line before.

File sizes after gzip:

  73 kB    build\static\js\main.e0a09a8c.js
  1.79 kB  build\static\js\787.79cbaff7.chunk.js
  547 B    build\static\css\main.224fcedb.css

The project was built assuming it is hosted at /.
You can control this with the homepage field in your package.json.

The build folder is ready to be deployed.
You may serve it with a static server:

  npm install -g serve
  serve -s build

Find out more about deployment here:

  https://cra.link/deployment


D:\React-Apps\react-routing-app\react-routing-app>firebase deploy

=== Deploying to 'baabtra-react-athira'...

i  deploying hosting
i  hosting[baabtra-react-athira]: beginning deploy...
i  hosting[baabtra-react-athira]: found 14 files in build
+  hosting[baabtra-react-athira]: file upload complete
i  hosting[baabtra-react-athira]: finalizing version...
+  hosting[baabtra-react-athira]: version finalized
i  hosting[baabtra-react-athira]: releasing new version...
+  hosting[baabtra-react-athira]: release complete

+  Deploy complete!

Project Console: https://console.firebase.google.com/project/baabtra-react-athira/overview
Hosting URL: https://baabtra-react-athira.web.app

D:\React-Apps\react-routing-app\react-routing-app>npm install -g heroku
npm WARN deprecated strip-eof@2.0.0: Renamed to `strip-final-newline` to better represent its functionality.
npm WARN deprecated debug@4.1.1: Debug versions >=3.2.0 <3.2.7 || >=4 <4.3.1 have a low-severity ReDos regression when used in a Node.js environment. It is recommended you upgrade to 3.2.7 or 4.3.1. (https://github.com/visionmedia/debug/issues/797)
npm WARN deprecated uuid@3.4.0: Please upgrade  to version 7 or higher.  Older versions may use Math.random() in certain circumstances, which is known to be problematic.  See https://v8.dev/blog/math-random for details.
npm WARN deprecated uuid@3.3.2: Please upgrade  to version 7 or higher.  Older versions may use Math.random() in certain circumstances, which is known to be problematic.  See https://v8.dev/blog/math-random for details.
npm WARN deprecated cli-ux@4.9.3: Package no longer supported. Contact Support at https://www.npmjs.com/support for more info.
npm WARN deprecated cli-ux@5.6.7: Package no longer supported. Contact Support at https://www.npmjs.com/support for more info.
npm WARN deprecated cli-ux@5.6.7: Package no longer supported. Contact Support at https://www.npmjs.com/support for more info.
npm WARN deprecated cli-ux@5.6.7: Package no longer supported. Contact Support at https://www.npmjs.com/support for more info.
npm WARN deprecated cli-ux@5.6.7: Package no longer supported. Contact Support at https://www.npmjs.com/support for more info.
npm WARN deprecated cli-ux@5.6.7: Package no longer supported. Contact Support at https://www.npmjs.com/support for more info.
npm WARN deprecated cli-ux@5.6.7: Package no longer supported. Contact Support at https://www.npmjs.com/support for more info.
npm WARN deprecated cli-ux@5.6.7: Package no longer supported. Contact Support at https://www.npmjs.com/support for more info.
[##################] - reify:rxjs: timing reifyNode:node_modules/heroku/node_modules/l[##################] - reify:rxjs: timing reifyNode:node_modules/heroku/node_modules/l[##################] - reify:rxjs: timing reifyNode:node_modules/heroku/node_modules/l[##################] - reify:rxjs: timing reifyNode:node_modules/heroku/node_modules/l[##################] - reify:rxjs: timing reifyNode:node_modules/heroku/node_modules/l[##################] - reify:rxjs: timing reifyNode:node_modules/heroku/node_modules/l[##################] - reify:rxjs: timing reifyNode:node_modules/heroku/node_modules/l[##################] - reify:rxjs: timing reifyNode:node_modules/heroku/node_modules/l[##################] - reify:rxjs: timing reifyNode:node_modules/heroku/node_modules/l[##################] - reify:rxjs: timing reifyNode:node_modules/heroku/node_modules/l[##################] - reify:rxjs: timing reifyNode:node_modules/heroku/node_modules/l[##################] - reify:rxjs: timing reifyNode:node_modules/heroku/node_modules/l[##################] - reify:rxjs: timing reifyNode:node_modules/heroku/node_modules/l[##################] - reify:rxjs: timing reifyNode:node_modules/heroku/node_modules/l[##################] - reify:rxjs: timing reifyNode:node_modules/heroku/node_modules/l[##################] - reify:rxjs: timing reifyNode:node_modules/heroku/node_modules/l[##################] - reify:rxjs: timing reifyNode:node_modules/heroku/node_modules/l[##################] - reify:rxjs: timing reifyNode:node_modules/heroku/node_modules/l[##################] - reify:rxjs: timing reifyNode:node_modules/heroku/node_modules/l[##################] - reify:rxjs: timing reifyNode:node_modules/heroku/node_modules/l[##################] - reify:rxjs: timing reifyNode:node_modules/heroku/node_modules/l[##################] - reify:rxjs: timing reifyNode:node_modules/heroku/node_modules/l[##################] - reify:rxjs: timing reifyNode:node_modules/heroku/node_modules/l[##################] - reify:rxjs: timing reifyNode:node_modules/heroku/node_modules/l[##################] - reify:rxjs: timing reifyNode:node_modules/heroku/node_modules/l[##################] - reify:rxjs: timing reifyNode:node_modules/heroku/node_modules/l[##################] - reify:rxjs: timing reifyNode:node_modules/heroku/node_modules/l[##################] - reify:rxjs: timing reifyNode:node_modules/heroku/node_modules/l[##################] - reify:rxjs: timing reifyNode:node_modules/heroku/node_modules/l[##################] - reify:rxjs: timing reifyNode:node_modules/heroku/node_modules/l[##################] - reify:rxjs: timing reifyNode:node_modules/heroku/node_modules/l[##################] - reify:rxjs: timing reifyNode:node_modules/heroku/node_modules/l[##################] - reify:rxjs: timing reifyNode:node_modules/heroku/node_modules/l[##################] - reify:rxjs: timing reifyNode:node_modules/heroku/node_modules/l[##################] - reify:rxjs: timing reifyNode:node_modules/heroku/node_modules/l[##################] - reify:rxjs: timing reifyNode:node_modules/heroku/node_modules/l[##################] - reify:rxjs: timing reifyNode:node_modules/heroku/node_modules/l[##################] - reify:rxjs: timing reifyNode:node_modules/heroku/node_modules/l[##################] - reify:rxjs: timing reifyNode:node_modules/heroku/node_modules/l[##################] - reify:rxjs: timing reifyNode:node_modules/heroku/node_modules/l[##################] - reify:rxjs: timing reifyNode:node_modules/heroku/node_modules/l[##################] - reify:rxjs: timing reifyNode:node_modules/heroku/node_modules/l[##################] - reify:rxjs: timing reifyNode:node_modules/heroku/node_modules/l[##################] - reify:rxjs: timing reifyNode:node_modules/heroku/node_modules/l[##################] - reify:rxjs: timing reifyNode:node_modules/heroku/node_modules/l[##################] - reify:rxjs: timing reifyNode:node_modules/heroku/node_modules/l[##################] - reify:rxjs: timing reifyNode:node_modules/heroku/node_modules/l[##################] - reify:rxjs: timing reifyNode:node_modules/heroku/node_modules/l[##################] - reify:rxjs: timing reifyNode:node_modules/heroku/node_modules/l[##################] - reify:rxjs: timing reifyNode:node_modules/heroku/node_modules/l[##################] - reify:rxjs: timing reifyNode:node_modules/heroku/node_modules/l[##################] - reify:rxjs: timing reifyNode:node_modules/heroku/node_modules/l[##################] - reify:rxjs: timing reifyNode:node_modules/heroku/node_modules/l[##################] - reify:rxjs: timing reifyNode:node_modules/heroku/node_modules/l[##################] - reify:rxjs: timing reifyNode:node_modules/heroku/node_modules/l[##################] - reify:rxjs: timing reifyNode:node_modules/heroku/node_modules/l[##################] - reify:rxjs: timing reifyNode:node_modules/heroku/node_modules/l[##################] - reify:rxjs: timing reifyNode:node_modules/heroku/node_modules/l[##################] - reify:rxjs: timing reifyNode:node_modules/heroku/node_modules/l[##################] - reify:rxjs: timing reifyNode:node_modules/heroku/node_modules/l[##################] - reify:rxjs: timing reifyNode:node_modules/heroku/node_modules/l[##################] - reify:rxjs: timing reifyNode:node_modules/heroku/node_modules/l[##################] - reify:rxjs: timing reifyNode:node_modules/heroku/node_modules/l[##################] - reify:rxjs: timing reifyNode:node_modules/heroku/node_modules/l[##################] - reify:rxjs: timing reifyNode:node_modules/heroku/node_modules/l[##################] - reify:rxjs: timing reifyNode:node_modules/heroku/node_modules/l[##################] - reify:rxjs: timing reifyNode:node_modules/heroku/node_modules/l[##################] - reify:rxjs: timing reifyNode:node_modules/heroku/node_modules/l[##################] - reify:rxjs: timing reifyNode:node_modules/heroku/node_modules/l[##################] - reify:rxjs: timing reifyNode:node_modules/heroku/node_modules/l[##################] - reify:rxjs: timing reifyNode:node_modules/heroku/node_modules/l[##################] - reify:rxjs: timing reifyNode:node_modules/heroku/node_modules/l[##################] - reify:rxjs: timing reifyNode:node_modules/heroku/node_modules/l[##################] - reify:rxjs: timing reifyNode:node_modules/heroku/node_modules/l[##################] - reify:rxjs: timing reifyNode:node_modules/heroku/node_modules/l[##################] - reify:rxjs: timing reifyNode:node_modules/heroku/node_modules/l[##################] - reify:rxjs: timing reifyNode:node_modules/heroku/node_modules/l[##################] - reify:rxjs: timing reifyNode:node_modules/heroku/node_modules/l[##################] - reify:rxjs: timing reifyNode:node_modules/heroku/node_modules/l[##################] - reify:rxjs: timing reifyNode:node_modules/heroku/node_modules/l[##################] - reify:rxjs: timing reifyNode:node_modules/heroku/node_modules/l[##################] - reify:rxjs: timing reifyNode:node_modules/heroku/node_modules/l[##################] - reify:rxjs: timing reifyNode:node_modules/heroku/node_modules/l[##################] - reify:rxjs: timing reifyNode:node_modules/heroku/node_modules/l[##################] - reify:rxjs: timing reifyNode:node_modules/heroku/node_modules/l[##################] - reify:rxjs: timing reifyNode:node_modules/heroku/node_modules/l[##################] - reify:rxjs: timing reifyNode:node_modules/heroku/node_modules/l[##################] - reify:rxjs: timing reifyNode:node_modules/heroku/node_modules/l[##################] - reify:rxjs: timing reifyNode:node_modules/heroku/node_modules/l[##################] - reify:rxjs: timing reifyNode:node_modules/heroku/node_modules/l[##################] - reify:rxjs: timing reifyNode:node_modules/heroku/node_modules/l[##################] - reify:rxjs: timing reifyNode:node_modules/heroku/node_modules/l[##################] - reify:rxjs: timing reifyNode:node_modules/heroku/node_modules/l[##################] - reify:rxjs: timing reifyNode:node_modules/heroku/node_modules/l[##################] - reify:rxjs: timing reifyNode:node_modules/heroku/node_modules/l[##################] - reify:rxjs: timing reifyNode:node_modules/heroku/node_modules/l[##################] - reify:rxjs: timing reifyNode:node_modules/heroku/node_modules/l[##################] - reify:rxjs: timing reifyNode:node_modules/heroku/node_modules/l[##################] - reify:rxjs: timing reifyNode:node_modules/heroku/node_modules/l[##################] - reify:rxjs: timing reifyNode:node_modules/heroku/node_modules/l[##################] - reify:rxjs: timing reifyNode:node_modules/heroku/node_modules/l[##################] - reify:rxjs: timing reifyNode:node_modules/heroku/node_modules/l[##################] - reify:rxjs: timing reifyNode:node_modules/heroku/node_modules/l[##################] - reify:rxjs: timing reifyNode:node_modules/heroku/node_modules/l[##################] - reify:rxjs: timing reifyNode:node_modules/heroku/node_modules/l[##################] - reify:rxjs: timing reifyNode:node_modules/heroku/node_modules/l[##################] - reify:rxjs: timing reifyNode:node_modules/heroku/node_modules/l[##################] - reify:rxjs: timing reifyNode:node_modules/heroku/node_modules/l[##################] - reify:rxjs: timing reifyNode:node_modules/heroku/node_modules/l[##################] - reify:rxjs: timing reifyNode:node_modules/heroku/node_modules/l[##################] - reify:rxjs: timing reifyNode:node_modules/heroku/node_modules/l[##################] - reify:rxjs: timing reifyNode:node_modules/heroku/node_modules/l[##################] - reify:rxjs: timing reifyNode:node_modules/heroku/node_modules/l[##################] - reify:rxjs: timing reifyNode:node_modules/heroku/node_modules/l[##################] - reify:rxjs: timing reifyNode:node_modules/heroku/node_modules/l[##################] - reify:rxjs: timing reifyNode:node_modules/heroku/node_modules/l[##################] - reify:rxjs: timing reifyNode:node_modules/heroku/node_modules/l[##################] - reify:rxjs: timing reifyNode:node_modules/heroku/node_modules/l[##################] - reify:rxjs: timing reifyNode:node_modules/heroku/node_modules/l[##################] - reify:rxjs: timing reifyNode:node_modules/heroku/node_modules/l[##################] - reify:rxjs: timing reifyNode:node_modules/heroku/node_modules/l[##################] - reify:rxjs: timing reifyNode:node_modules/heroku/node_modules/l[##################] - reify:rxjs: timing reifyNode:node_modules/heroku/node_modules/l[##################] - reify:rxjs: timing reifyNode:node_modules/heroku/node_modules/l[##################] - reify:rxjs: timing reifyNode:node_modules/heroku/node_modules/l[##################] - reify:rxjs: timing reifyNode:node_modules/heroku/node_modules/l[##################] - reify:rxjs: timing reifyNode:node_modules/heroku/node_modules/l[##################] - reify:rxjs: timing reifyNode:node_modules/heroku/node_modules/l[##################] - reify:rxjs: timing reifyNode:node_modules/heroku/node_modules/l[##################] - reify:rxjs: timing reifyNode:node_modules/heroku/node_modules/l[##################] - reify:rxjs: timing reifyNode:node_modules/heroku/node_modules/l[##################] - reify:rxjs: timing reifyNode:node_modules/heroku/node_modules/l[##################] - reify:rxjs: timing reifyNode:node_modules/heroku/node_modules/l[##################] - reify:rxjs: timing reifyNode:node_modules/heroku/node_modules/l[##################] - reify:rxjs: timing reifyNode:node_modules/heroku/node_modules/l[##################] - reify:rxjs: timing reifyNode:node_modules/heroku/node_modules/l[##################] - reify:rxjs: timing reifyNode:node_modules/heroku/node_modules/l[##################] - reify:rxjs: timing reifyNode:node_modules/heroku/node_modules/l[##################] - reify:rxjs: timing reifyNode:node_modules/heroku/node_modules/l[##################] - reify:rxjs: timing reifyNode:node_modules/heroku/node_modules/l[##################] - reify:rxjs: timing reifyNode:node_modules/heroku/node_modules/l[##################] - reify:rxjs: timing reifyNode:node_modules/heroku/node_modules/l[##################] - reify:rxjs: timing reifyNode:node_modules/heroku/node_modules/l[##################] - reify:rxjs: timing reifyNode:node_modules/heroku/node_modules/l[##################] - reify:rxjs: timing reifyNode:node_modules/heroku/node_modules/l[##################] - reify:rxjs: timing reifyNode:node_modules/heroku/node_modules/l[##################] - reify:rxjs: timing reifyNode:node_modules/heroku/node_modules/l[##################] - reify:rxjs: timing reifyNode:node_modules/heroku/node_modules/l[##################] - reify:rxjs: timing reifyNode:node_modules/heroku/node_modules/l[##################] - reify:rxjs: timing reifyNode:node_modules/heroku/node_modules/l[##################] - reify:rxjs: timing reifyNode:node_modules/heroku/node_modules/l[##################] - reify:rxjs: timing reifyNode:node_modules/heroku/node_modules/l[##################] - reify:rxjs: timing reifyNode:node_modules/heroku/node_modules/l[##################] - reify:rxjs: timing reifyNode:node_modules/heroku/node_modules/l[##################] - reify:rxjs: timing reifyNode:node_modules/heroku/node_modules/l[##################] - reify:rxjs: timing reifyNode:node_modules/heroku/node_modules/l[##################] - reify:rxjs: timing reifyNode:node_modules/heroku/node_modules/l[##################] - reify:rxjs: timing reifyNode:node_modules/heroku/node_modules/l[##################] - reify:rxjs: timing reifyNode:node_modules/heroku/node_modules/l[##################] - reify:rxjs: timing reifyNode:node_modules/heroku/node_modules/l[##################] - reify:rxjs: timing reifyNode:node_modules/heroku/node_modules/l[##################] - reify:rxjs: timing reifyNode:node_modules/heroku/node_modules/l[##################] - reify:rxjs: timing reifyNode:node_modules/heroku/node_modules/l[##################] - reify:rxjs: timing reifyNode:node_modules/heroku/node_modules/l[##################] - reify:rxjs: timing reifyNode:node_modules/heroku/node_modules/l[##################] - reify:rxjs: timing reifyNode:node_modules/heroku/node_modules/l[##################] - reify:rxjs: timing reifyNode:node_modules/heroku/node_modules/l[##################] - reify:rxjs: timing reifyNode:node_modules/heroku/node_modules/l[##################] - reify:rxjs: timing reifyNode:node_modules/heroku/node_modules/l[##################] - reify:rxjs: timing reifyNode:node_modules/heroku/node_modules/l[##################] - reify:rxjs: timing reifyNode:node_modules/heroku/node_modules/l[##################] - reify:rxjs: timing reifyNode:node_modules/heroku/node_modules/l[##################] - reify:rxjs: timing reifyNode:node_modules/heroku/node_modules/l[##################] - reify:rxjs: timing reifyNode:node_modules/heroku/node_modules/l[##################] - reify:rxjs: timing reifyNode:node_modules/heroku/node_modules/l[##################] - reify:rxjs: timing reifyNode:node_modules/heroku/node_modules/l[##################] - reify:rxjs: timing reifyNode:node_modules/heroku/node_modules/l[##################] - reify:rxjs: timing reifyNode:node_modules/heroku/node_modules/l[##################] - reify:rxjs: timing reifyNode:node_modules/heroku/node_modules/l[##################] - reify:rxjs: timing reifyNode:node_modules/heroku/node_modules/l[##################] - reify:rxjs: timing reifyNode:node_modules/heroku/node_modules/l[##################] - reify:rxjs: timing reifyNode:node_modules/heroku/node_modules/l[##################] - reify:rxjs: timing reifyNode:node_modules/heroku/node_modules/l[##################] - reify:rxjs: timing reifyNode:node_modules/heroku/node_modules/l[##################] - reify:rxjs: timing reifyNode:node_modules/heroku/node_modules/l[##################] - reify:rxjs: timing reifyNode:node_modules/heroku/node_modules/l[##################] - reify:rxjs: timing reifyNode:node_modules/heroku/node_modules/l[##################] - reify:rxjs: timing reifyNode:node_modules/heroku/node_modules/l[##################] - reify:rxjs: timing reifyNode:node_modules/heroku/node_modules/l[##################] - reify:rxjs: timing reifyNode:node_modules/heroku/node_modules/l[##################] - reify:rxjs: timing reifyNode:node_modules/heroku/node_modules/l[##################] - reify:rxjs: timing reifyNode:node_modules/heroku/node_modules/l[##################] - reify:rxjs: timing reifyNode:node_modules/heroku/node_modules/l[##################] - reify:rxjs: timing reifyNode:node_modules/heroku/node_modules/l[##################] - reify:rxjs: timing reifyNode:node_modules/heroku/node_modules/l[##################] - reify:rxjs: timing reifyNode:node_modules/heroku/node_modules/l[##################] - reify:rxjs: timing reifyNode:node_modules/heroku/node_modules/l[##################] - reify:rxjs: timing reifyNode:node_modules/heroku/node_modules/l[##################] - reify:rxjs: timing reifyNode:node_modules/heroku/node_modules/l[##################] - reify:rxjs: timing reifyNode:node_modules/heroku/node_modules/l[##################] - reify:rxjs: timing reifyNode:node_modules/heroku/node_modules/l[##################] - reify:rxjs: timing reifyNode:node_modules/heroku/node_modules/l[##################] - reify:rxjs: timing reifyNode:node_modules/heroku/node_modules/l[##################] - reify:rxjs: timing reifyNode:node_modules/heroku/node_modules/l[##################] - reify:rxjs: timing reifyNode:node_modules/heroku/node_modules/l[##################] - reify:rxjs: timing reifyNode:node_modules/heroku/node_modules/l[##################] - reify:rxjs: timing reifyNode:node_modules/heroku/node_modules/l[##################] - reify:rxjs: timing reifyNode:node_modules/heroku/node_modules/l[##################] - reify:rxjs: timing reifyNode:node_modules/heroku/node_modules/l[##################] - reify:rxjs: timing reifyNode:node_modules/heroku/node_modules/l[##################] - reify:rxjs: timing reifyNode:node_modules/heroku/node_modules/l[##################] - reify:rxjs: timing reifyNode:node_modules/heroku/node_modules/l[##################] - reify:rxjs: timing reifyNode:node_modules/heroku/node_modules/l[##################] - reify:rxjs: timing reifyNode:node_modules/heroku/node_modules/l[##################] - reify:rxjs: timing reifyNode:node_modules/heroku/node_modules/l[##################] - reify:rxjs: timing reifyNode:node_modules/heroku/node_modules/l[##################] - reify:rxjs: timing reifyNode:node_modules/heroku/node_modules/l[##################] - reify:rxjs: timing reifyNode:node_modules/heroku/node_modules/l[##################] - reify:rxjs: timing reifyNode:node_modules/heroku/node_modules/l[##################] - reify:rxjs: timing reifyNode:node_modules/heroku/node_modules/l[##################] - reify:rxjs: timing reifyNode:node_modules/heroku/node_modules/l[##################] - reify:rxjs: timing reifyNode:node_modules/heroku/node_modules/l[##################] - reify:rxjs: timing reifyNode:node_modules/heroku/node_modules/l[##################] - reify:rxjs: timing reifyNode:node_modules/heroku/node_modules/l[##################] - reify:rxjs: timing reifyNode:node_modules/heroku/node_modules/l[##################] - reify:rxjs: timing reifyNode:node_modules/heroku/node_modules/l[##################] - reify:rxjs: timing reifyNode:node_modules/heroku/node_modules/l[##################] - reify:rxjs: timing reifyNode:node_modules/heroku/node_modules/l[##################] - reify:rxjs: timing reifyNode:node_modules/heroku/node_modules/l[##################] - reify:rxjs: timing reifyNode:node_modules/heroku/node_modules/l[##################] - reify:rxjs: timing reifyNode:node_modules/heroku/node_modules/l[##################] - reify:rxjs: timing reifyNode:node_modules/heroku/node_modules/l[##################] - reify:rxjs: timing reifyNode:node_modules/heroku/node_modules/l[##################] - reify:rxjs: timing reifyNode:node_modules/heroku/node_modules/l[##################] - reify:rxjs: timing reifyNode:node_modules/heroku/node_modules/l[##################] - reify:rxjs: timing reifyNode:node_modules/heroku/node_modules/l[##################] - reify:rxjs: timing reifyNode:node_modules/heroku/node_modules/l[##################] - reify:rxjs: timing reifyNode:node_modules/heroku/node_modules/l[##################] - reify:rxjs: timing reifyNode:node_modules/heroku/node_modules/l[##################] - reify:rxjs: timing reifyNode:node_modules/heroku/node_modules/l[##################] - reify:rxjs: timing reifyNode:node_modules/heroku/node_modules/l[##################] - reify:rxjs: timing reifyNode:node_modules/heroku/node_modules/l[##################] - reify:rxjs: timing reifyNode:node_modules/heroku/node_modules/l[##################] - reify:rxjs: timing reifyNode:node_modules/heroku/node_modules/l[##################] - reify:rxjs: timing reifyNode:node_modules/heroku/node_modules/l[##################] - reify:rxjs: timing reifyNode:node_modules/heroku/node_modules/l[##################] - reify:rxjs: timing reifyNode:node_modules/heroku/node_modules/l[##################] - reify:rxjs: timing reifyNode:node_modules/heroku/node_modules/l[##################] - reify:rxjs: timing reifyNode:node_modules/heroku/node_modules/l[##################] - reify:rxjs: timing reifyNode:node_modules/heroku/node_modules/l[##################] - reify:rxjs: timing reifyNode:node_modules/heroku/node_modules/l[##################] - reify:rxjs: timing reifyNode:node_modules/heroku/node_modules/l[##################] - reify:rxjs: timing reifyNode:node_modules/heroku/node_modules/l[##################] - reify:rxjs: timing reifyNode:node_modules/heroku/node_modules/l[##################] - reify:rxjs: timing reifyNode:node_modules/heroku/node_modules/l[##################] - reify:rxjs: timing reifyNode:node_modules/heroku/node_modules/l[##################] - reify:rxjs: timing reifyNode:node_modules/heroku/node_modules/l[##################] - reify:rxjs: timing reifyNode:node_modules/heroku/node_modules/l[##################] - reify:rxjs: timing reifyNode:node_modules/heroku/node_modules/l[##################] - reify:rxjs: timing reifyNode:node_modules/heroku/node_modules/l[##################] - reify:rxjs: timing reifyNode:node_modules/heroku/node_modules/l[##################] - reify:rxjs: timing reifyNode:node_modules/heroku/node_modules/l[##################] - reify:rxjs: timing reifyNode:node_modules/heroku/node_modules/l[##################] - reify:rxjs: timing reifyNode:node_modules/heroku/node_modules/l[##################] - reify:rxjs: timing reifyNode:node_modules/heroku/node_modules/l[##################] - reify:rxjs: timing reifyNode:node_modules/heroku/node_modules/l[##################] - reify:rxjs: timing reifyNode:node_modules/heroku/node_modules/l[##################] - reify:rxjs: timing reifyNode:node_modules/heroku/node_modules/l[##################] - reify:rxjs: timing reifyNode:node_modules/heroku/node_modules/l[##################] - reify:rxjs: timing reifyNode:node_modules/heroku/node_modules/l[##################] - reify:rxjs: timing reifyNode:node_modules/heroku/node_modules/l[##################] - reify:rxjs: timing reifyNode:node_modules/heroku/node_modules/l[##################] - reify:rxjs: timing reifyNode:node_modules/heroku/node_modules/l[##################] - reify:rxjs: timing reifyNode:node_modules/heroku/node_modules/l[##################] - reify:rxjs: timing reifyNode:node_modules/heroku/node_modules/l[##################] - reify:rxjs: timing reifyNode:node_modules/heroku/node_modules/l[##################] - reify:rxjs: timing reifyNode:node_modules/heroku/node_modules/l[##################] - reify:rxjs: timing reifyNode:node_modules/heroku/node_modules/l[##################] - reify:rxjs: timing reifyNode:node_modules/heroku/node_modules/l[##################] - reify:rxjs: timing reifyNode:node_modules/heroku/node_modules/l[##################] - reify:rxjs: timing reifyNode:node_modules/heroku/node_modules/l[##################] - reify:rxjs: timing reifyNode:node_modules/heroku/node_modules/l[##################] - reify:rxjs: timing reifyNode:node_modules/heroku/node_modules/l[##################] - reify:rxjs: timing reifyNode:node_modules/heroku/node_modules/l[##################] - reify:rxjs: timing reifyNode:node_modules/heroku/node_modules/l[##################] - reify:rxjs: timing reifyNode:node_modules/heroku/node_modules/l[##################] - reify:rxjs: timing reifyNode:node_modules/heroku/node_modules/l[##################] - reify:rxjs: timing reifyNode:node_modules/heroku/node_modules/l[##################] - reify:rxjs: timing reifyNode:node_modules/heroku/node_modules/l[##################] - reify:rxjs: timing reifyNode:node_modules/heroku/node_modules/l[##################] - reify:rxjs: timing reifyNode:node_modules/heroku/node_modules/l[##################] - reify:rxjs: timing reifyNode:node_modules/heroku/node_modules/l[##################] - reify:rxjs: timing reifyNode:node_modules/heroku/node_modules/l[##################] - reify:rxjs: timing reifyNode:node_modules/heroku/node_modules/l[##################] - reify:rxjs: timing reifyNode:node_modules/heroku/node_modules/l[##################] - reify:rxjs: timing reifyNode:node_modules/heroku/node_modules/l[##################] - reify:rxjs: timing reifyNode:node_modules/heroku/node_modules/l[##################] - reify:rxjs: timing reifyNode:node_modules/heroku/node_modules/l[##################] - reify:rxjs: timing reifyNode:node_modules/heroku/node_modules/l[##################] - reify:rxjs: timing reifyNode:node_modules/heroku/node_modules/l[##################] - reify:rxjs: timing reifyNode:node_modules/heroku/node_modules/l[##################] - reify:rxjs: timing reifyNode:node_modules/heroku/node_modules/l[##################] - reify:rxjs: timing reifyNode:node_modules/heroku/node_modules/l[##################] - reify:rxjs: timing reifyNode:node_modules/heroku/node_modules/l[##################] - reify:rxjs: timing reifyNode:node_modules/heroku/node_modules/l[##################] - reify:rxjs: timing reifyNode:node_modules/heroku/node_modules/l[##################] - reify:rxjs: timing reifyNode:node_modules/heroku/node_modules/l[##################] - reify:rxjs: timing reifyNode:node_modules/heroku/node_modules/l[##################] - reify:rxjs: timing reifyNode:node_modules/heroku/node_modules/l[##################] - reify:rxjs: timing reifyNode:node_modules/heroku/node_modules/l[##################] - reify:rxjs: timing reifyNode:node_modules/heroku/node_modules/l[##################] - reify:rxjs: timing reifyNode:node_modules/heroku/node_modules/l[##################] - reify:rxjs: timing reifyNode:node_modules/heroku/node_modules/l[##################] - reify:rxjs: timing reifyNode:node_modules/heroku/node_modules/l[##################] - reify:rxjs: timing reifyNode:node_modules/heroku/node_modules/l[##################] - reify:rxjs: timing reifyNode:node_modules/heroku/node_modules/l[##################] - reify:rxjs: timing reifyNode:node_modules/heroku/node_modules/l[##################] - reify:rxjs: timing reifyNode:node_modules/heroku/node_modules/l[##################] - reify:rxjs: timing reifyNode:node_modules/heroku/node_modules/l[##################] - reify:rxjs: timing reifyNode:node_modules/heroku/node_modules/l[##################] - reify:rxjs: timing reifyNode:node_modules/heroku/node_modules/l[##################] - reify:rxjs: timing reifyNode:node_modules/heroku/node_modules/l[##################] - reify:rxjs: timing reifyNode:node_modules/heroku/node_modules/l[##################] - reify:rxjs: timing reifyNode:node_modules/heroku/node_modules/l[##################] - reify:rxjs: timing reifyNode:node_modules/heroku/node_modules/l[##################] - reify:rxjs: timing reifyNode:node_modules/heroku/node_modules/l[##################] - reify:rxjs: timing reifyNode:node_modules/heroku/node_modules/l[##################] - reify:rxjs: timing reifyNode:node_modules/heroku/node_modules/l[##################] - reify:rxjs: timing reifyNode:node_modules/heroku/node_modules/l[##################] - reify:rxjs: timing reifyNode:node_modules/heroku/node_modules/l[##################] - reify:rxjs: timing reifyNode:node_modules/heroku/node_modules/l[##################] - reify:rxjs: timing reifyNode:node_modules/heroku/node_modules/l[##################] - reify:rxjs: timing reifyNode:node_modules/heroku/node_modules/l[##################] - reify:rxjs: timing reifyNode:node_modules/heroku/node_modules/l[##################] - reify:rxjs: timing reifyNode:node_modules/heroku/node_modules/l[##################] - reify:rxjs: timing reifyNode:node_modules/heroku/node_modules/l[##################] - reify:rxjs: timing reifyNode:node_modules/heroku/node_modules/l[##################] - reify:rxjs: timing reifyNode:node_modules/heroku/node_modules/l[##################] - reify:rxjs: timing reifyNode:node_modules/heroku/node_modules/l[##################] - reify:rxjs: timing reifyNode:node_modules/heroku/node_modules/l[##################] - reify:rxjs: timing reifyNode:node_modules/heroku/node_modules/l[##################] - reify:rxjs: timing reifyNode:node_modules/heroku/node_modules/l[##################] - reify:rxjs: timing reifyNode:node_modules/heroku/node_modules/l[##################] - reify:rxjs: timing reifyNode:node_modules/heroku/node_modules/l[##################] - reify:rxjs: timing reifyNode:node_modules/heroku/node_modules/l[##################] - reify:rxjs: timing reifyNode:node_modules/heroku/node_modules/l[##################] - reify:rxjs: timing reifyNode:node_modules/heroku/node_modules/l[##################] - reify:rxjs: timing reifyNode:node_modules/heroku/node_modules/l[##################] - reify:rxjs: timing reifyNode:node_modules/heroku/node_modules/l[##################] - reify:rxjs: timing reifyNode:node_modules/heroku/node_modules/l[##################] - reify:rxjs: timing reifyNode:node_modules/heroku/node_modules/l[##################] - reify:rxjs: timing reifyNode:node_modules/heroku/node_modules/l[##################] - reify:rxjs: timing reifyNode:node_modules/heroku/node_modules/l[##################] - reify:rxjs: timing reifyNode:node_modules/heroku/node_modules/l[##################] - reify:rxjs: timing reifyNode:node_modules/heroku/node_modules/l[##################] - reify:rxjs: timing reifyNode:node_modules/heroku/node_modules/l[##################] - reify:rxjs: timing reifyNode:node_modules/heroku/node_modules/l[##################] - reify:rxjs: timing reifyNode:node_modules/heroku/node_modules/l[##################] - reify:rxjs: timing reifyNode:node_modules/heroku/node_modules/l[##################] - reify:rxjs: timing reifyNode:node_modules/heroku/node_modules/l[##################] - reify:rxjs: timing reifyNode:node_modules/heroku/node_modules/l[##################] - reify:rxjs: timing reifyNode:node_modules/heroku/node_modules/l[##################] - reify:rxjs: timing reifyNode:node_modules/heroku/node_modules/l[##################] - reify:rxjs: timing reifyNode:node_modules/heroku/node_modules/l[##################] - reify:rxjs: timing reifyNode:node_modules/heroku/node_modules/l[##################] - reify:rxjs: timing reifyNode:node_modules/heroku/node_modules/l[##################] - reify:rxjs: timing reifyNode:node_modules/heroku/node_modules/l[##################] - reify:rxjs: timing reifyNode:node_modules/heroku/node_modules/l[##################] - reify:rxjs: timing reifyNode:node_modules/heroku/node_modules/l[##################] - reify:rxjs: timing reifyNode:node_modules/heroku/node_modules/l[##################] - reify:rxjs: timing reifyNode:node_modules/heroku/node_modules/lodash Completed in 41099ms                                              [#[##################] - reify:rxjs: timing reifyNode:node_modules/heroku/node_modules/lodash Completed in 41099ms











                                                                                     l[##################] - reify:rxjs: timing reifyNode:node_modules/heroku/node_modules/lod[##################] - reify:rxjs: timing reifyNode:node_modules/heroku/node_modules[##################] - reify:rxjs: timing reifyNode:node_modules/heroku/node_modules/l[##################] - reify:rxjs: timing reifyNode:node_modules/heroku/node_modules/l[##################] - reify:rxjs: timing reifyNode:node_modules/heroku/node_modules/l[##################] - reify:rxjs: timing reifyNode:node_modules/heroku/node_modules/l[##################] - reify:rxjs: timing reifyNode:node_modules/heroku/node_modules/l[##################] - reify:rxjs: timing reifyNode:node_modules/heroku/node_modules/l[##################] - reify:rxjs: timing reifyNode:node_modules/heroku/node_modules/l[##################] - reify:rxjs: timing reifyNode:node_modules/heroku/node_modules/l[##################] - reify:rxjs: timing reifyNode:node_modules/heroku/node_modules/l[##################] - reify:rxjs: timing reifyNode:node_modules/heroku/node_modules/l[##################] - reify:rxjs: timing reifyNode:node_modules/heroku/node_modules/l[##################] - reify:rxjs: timing reifyNode:node_modules/heroku/node_modules/l[##################] - reify:rxjs: timing reifyNode:node_modules/heroku/node_modules/l[##################] - reify:rxjs: timing reifyNode:node_modules/heroku/node_modules/l[##################] - reify:rxjs: timing reifyNode:node_modules/heroku/node_modules/l[##################] - reify:rxjs: timing reifyNode:node_modules/heroku/node_modules/l[##################] - reify:rxjs: timing reifyNode:node_modules/heroku/node_modules/l[##################] - reify:rxjs: timing reifyNode:node_modules/heroku/node_modules/l[##################] - reify:rxjs: timing reifyNode:node_modules/heroku/node_modules/l[##################] - reify:rxjs: timing reifyNode:node_modules/heroku/node_modules/l[##################] - reify:rxjs: timing reifyNode:node_modules/heroku/node_modules/l[##################] - reify:rxjs: timing reifyNode:node_modules/heroku/node_modules/l[##################] - reify:rxjs: timing reifyNode:node_modules/heroku/node_modules/l[##################] - reify:rxjs: timing reifyNode:node_modules/heroku/node_modules/l[##################] - reify:rxjs: timing reifyNode:node_modules/heroku/node_modules/l[##################] - reify:rxjs: timing reifyNode:node_modules/heroku/node_modules/l[##################] - reify:rxjs: timing reifyNode:node_modules/heroku/node_modules/l[##################] - reify:rxjs: timing reifyNode:node_modules/heroku/node_modules/l[##################] - reify:rxjs: timing reifyNode:node_modules/heroku/node_modules/l[##################] - reify:rxjs: timing reifyNode:node_modules/heroku/node_modules/l[##################] - reify:rxjs: timing reifyNode:node_modules/heroku/node_modules/l[##################] - reify:rxjs: timing reifyNode:node_modules/heroku/node_modules/l[##################] - reify:rxjs: timing reifyNode:node_modules/heroku/node_modules/l[##################] - reify:rxjs: timing reifyNode:node_modules/heroku/node_modules/l[##################] - reify:rxjs: timing reifyNode:node_modules/heroku/node_modules/l[##################] - reify:rxjs: timing reifyNode:node_modules/heroku/node_modules/l[##################] - reify:rxjs: timing reifyNode:node_modules/heroku/node_modules/l[##################] - reify:rxjs: timing reifyNode:node_modules/heroku/node_modules/l[##################] - reify:rxjs: timing reifyNode:node_modules/heroku/node_modules/l[##################] - reify:rxjs: timing reifyNode:node_modules/heroku/node_modules/l[##################] - reify:rxjs: timing reifyNode:node_modules/heroku/node_modules/l[##################] - reify:rxjs: timing reifyNode:node_modules/heroku/node_modules/l[##################] - reify:rxjs: timing reifyNode:node_modules/heroku/node_modules/l[##################] - reify:rxjs: timing reifyNode:node_modules/heroku/node_modules/l[##################] - reify:rxjs: timing reifyNode:node_modules/heroku/node_modules/l[##################] - reify:rxjs: timing reifyNode:node_modules/heroku/node_modules/l[##################] - reify:rxjs: timing reifyNode:node_modules/heroku/node_modules/l[##################] - reify:rxjs: timing reifyNode:node_modules/heroku/node_modules/l[##################] - reify:rxjs: timing reifyNode:node_modules/heroku/node_modules/l[##################] - reify:rxjs: timing reifyNode:node_modules/heroku/node_modules/l[##################] - reify:rxjs: timing reifyNode:node_modules/heroku/node_modules/l[##################] - reify:rxjs: timing reifyNode:node_modules/heroku/node_modules/l[##################] - reify:rxjs: timing reifyNode:node_modules/heroku/node_modules/l[##################] - reify:rxjs: timing reifyNode:node_modules/heroku/node_modules/l[##################] - reify:rxjs: timing reifyNode:node_modules/heroku/node_modules/l[##################] - reify:rxjs: timing reifyNode:node_modules/heroku/node_modules/l[##################] - reify:rxjs: timing reifyNode:node_modules/heroku/node_modules/l[##################] - reify:rxjs: timing reifyNode:node_modules/heroku/node_modules/l[##################] - reify:rxjs: timing reifyNode:node_modules/heroku/node_modules/l[##################] - reify:rxjs: timing reifyNode:node_modules/heroku/node_modules/l[##################] - reify:rxjs: timing reifyNode:node_modules/heroku/node_modules/l[##################] - reify:rxjs: timing reifyNode:node_modules/heroku/node_modules/l[##################] - reify:rxjs: timing reifyNode:node_modules/heroku/node_modules/l[##################] - reify:rxjs: timing reifyNode:node_modules/heroku/node_modules/l[##################] - reify:rxjs: timing reifyNode:node_modules/heroku/node_modules/l[##################] - reify:rxjs: timing reifyNode:node_modules/heroku/node_modules/l[##################] - reify:rxjs: timing reifyNode:node_modules/heroku/node_modules/l[##################] - reify:rxjs: timing reifyNode:node_modules/heroku/node_modules/l[##################] - reify:rxjs: timing reifyNode:node_modules/heroku/node_modules/l[##################] - reify:rxjs: timing reifyNode:node_modules/heroku/node_modules/l[##################] - reify:rxjs: timing reifyNode:node_modules/heroku/node_modules/l[##################] - reify:rxjs: timing reifyNode:node_modules/heroku/node_modules/l[##################] - reify:date-fns: http fetch GET 200 https://registry.npmjs.org/d[##################] | reify:date-fns: http fetch GET 200 https://registry.npmjs.org/d[##################] \ reify:date-fns: http fetch GET 200 https://registry.npmjs.org/d[##################] \ reify:date-fns: http fetch GET 200 https://registry.npmjs.org/d[##################] \ reify:date-fns: http fetch GET 200 https://registry.npmjs.org/d[##################] \ reify:date-fns: http fetch GET 200 https://registry.npmjs.org/d[##################] / reify:date-fns: http fetch GET 200 https://registry.npmjs.org/d[##################] / reify:date-fns: http fetch GET 200 https://registry.npmjs.org/d[##################] / reify:date-fns: http fetch GET 200 https://registry.npmjs.org/d[##################] / reify:date-fns: http fetch GET 200 https://registry.npmjs.org/d[##################] / reify:date-fns: http fetch GET 200 https://registry.npmjs.org/d[##################] / reify:date-fns: http fetch GET 200 https://registry.npmjs.org/d[##################] / reify:date-fns: http fetch GET 200 https://registry.npmjs.org/d[##################] / reify:date-fns: http fetch GET 200 https://registry.npmjs.org/d[##################] / reify:date-fns: http fetch GET 200 https://registry.npmjs.org/d[##################] / reify:date-fns: http fetch GET 200 https://registry.npmjs.org/d[##################] / reify:date-fns: http fetch GET 200 https://registry.npmjs.org/d[##################] / reify:date-fns: http fetch GET 200 https://registry.npmjs.org/d[##################] / reify:date-fns: http fetch GET 200 https://registry.npmjs.org/d[##################] / reify:date-fns: http fetch GET 200 https://registry.npmjs.org/d[##################] / reify:date-fns: http fetch GET 200 https://registry.npmjs.org/d[##################] / reify:date-fns: http fetch GET 200 https://registry.npmjs.org/d[##################] / reify:date-fns: http fetch GET 200 https://registry.npmjs.org/d[##################] / reify:date-fns: http fetch GET 200 https://registry.npmjs.org/d[##################] / reify:date-fns: http fetch GET 200 https://registry.npmjs.org/d[##################] / reify:date-fns: http fetch GET 200 https://registry.npmjs.org/d[##################] / reify:date-fns: http fetch GET 200 https://registry.npmjs.org/d[##################] / reify:date-fns: http fetch GET 200 https://registry.npmjs.org/d[##################] / reify:date-fns: http fetch GET 200 https://registry.npmjs.org/d[##################] / reify:date-fns: http fetch GET 200 https://registry.npmjs.org/d[##################] / reify:date-fns: http fetch GET 200 https://registry.npmjs.org/d[##################] / reify:date-fns: http fetch GET 200 https://registry.npmjs.org/d[##################] / reify:date-fns: http fetch GET 200 https://registry.npmjs.org/d[##################] / reify:date-fns: http fetch GET 200 https://registry.npmjs.org/d[##################] / reify:date-fns: http fetch GET 200 https://registry.npmjs.org/d[##################] / reify:date-fns: http fetch GET 200 https://registry.npmjs.org/d[##################] / reify:date-fns: http fetch GET 200 https://registry.npmjs.org/d[##################] / reify:date-fns: http fetch GET 200 https://registry.npmjs.org/d[##################] / reify:date-fns: http fetch GET 200 https://registry.npmjs.org/d[##################] / reify:date-fns: http fetch GET 200 https://registry.npmjs.org/d[##################] / reify:date-fns: http fetch GET 200 https://registry.npmjs.org/d[##################] / reify:date-fns: http fetch GET 200 https://registry.npmjs.org/d[##################] / reify:date-fns: http fetch GET 200 https://registry.npmjs.org/d[##################] / reify:date-fns: http fetch GET 200 https://registry.npmjs.org/d[##################] / reify:date-fns: http fetch GET 200 https://registry.npmjs.org/d[##################] / reify:date-fns: http fetch GET 200 https://registry.npmjs.org/d[##################] / reify:date-fns: http fetch GET 200 https://registry.npmjs.org/d[##################] / reify:date-fns: http fetch GET 200 https://registry.npmjs.org/d[##################] / reify:date-fns: http fetch GET 200 https://registry.npmjs.org/d[##################] / reify:date-fns: http fetch GET 200 https://registry.npmjs.org/d[##################] / reify:date-fns: http fetch GET 200 https://registry.npmjs.org/d[##################] / reify:date-fns: http fetch GET 200 https://registry.npmjs.org/d[##################] / reify:date-fns: http fetch GET 200 https://registry.npmjs.org/d[##################] / reify:date-fns: http fetch GET 200 https://registry.npmjs.org/d[##################] / reify:date-fns: http fetch GET 200 https://registry.npmjs.org/d[##################] / reify:date-fns: http fetch GET 200 https://registry.npmjs.org/d[##################] / reify:date-fns: http fetch GET 200 https://registry.npmjs.org/d[##################] / reify:date-fns: http fetch GET 200 https://registry.npmjs.org/d[##################] / reify:date-fns: http fetch GET 200 https://registry.npmjs.org/d[##################] / reify:date-fns: http fetch GET 200 https://registry.npmjs.org/d[##################] / reify:date-fns: http fetch GET 200 https://registry.npmjs.org/d[##################] / reify:date-fns: http fetch GET 200 https://registry.npmjs.org/d[##################] / reify:date-fns: http fetch GET 200 https://registry.npmjs.org/d[##################] / reify:date-fns: http fetch GET 200 https://registry.npmjs.org/d[##################] / reify:date-fns: http fetch GET 200 https://registry.npmjs.org/d[##################] / reify:date-fns: http fetch GET 200 https://registry.npmjs.org/d[##################] / reify:date-fns: http fetch GET 200 https://registry.npmjs.org/d[##################] / reify:date-fns: http fetch GET 200 https://registry.npmjs.org/d[##################] / reify:date-fns: http fetch GET 200 https://registry.npmjs.org/d[##################] / reify:date-fns: http fetch GET 200 https://registry.npmjs.org/d[##################] / reify:date-fns: http fetch GET 200 https://registry.npmjs.org/d[##################] / reify:date-fns: http fetch GET 200 https://registry.npmjs.org/d[##################] / reify:date-fns: http fetch GET 200 https://registry.npmjs.org/d[##################] / reify:date-fns: http fetch GET 200 https://registry.npmjs.org/d[##################] / reify:date-fns: http fetch GET 200 https://registry.npmjs.org/d[##################] / reify:date-fns: http fetch GET 200 https://registry.npmjs.org/d[##################] / reify:date-fns: http fetch GET 200 https://registry.npmjs.org/d[##################] / reify:date-fns: http fetch GET 200 https://registry.npmjs.org/d[##################] / reify:date-fns: http fetch GET 200 https://registry.npmjs.org/d[##################] / reify:date-fns: http fetch GET 200 https://registry.npmjs.org/d[##################] / reify:date-fns: http fetch GET 200 https://registry.npmjs.org/d[##################] / reify:date-fns: http fetch GET 200 https://registry.npmjs.org/d[##################] / reify:date-fns: http fetch GET 200 https://registry.npmjs.org/d[##################] / reify:date-fns: http fetch GET 200 https://registry.npmjs.org/d[##################] / reify:date-fns: http fetch GET 200 https://registry.npmjs.org/d[##################] / reify:date-fns: http fetch GET 200 https://registry.npmjs.org/d[##################] / reify:date-fns: http fetch GET 200 https://registry.npmjs.org/d[##################] / reify:date-fns: http fetch GET 200 https://registry.npmjs.org/d[##################] / reify:date-fns: http fetch GET 200 https://registry.npmjs.org/d[##################] / reify:date-fns: http fetch GET 200 https://registry.npmjs.org/d[##################] / reify:date-fns: http fetch GET 200 https://registry.npmjs.org/d[##################] / reify:date-fns: http fetch GET 200 https://registry.npmjs.org/d[##################] / reify:date-fns: http fetch GET 200 https://registry.npmjs.org/d[##################] / reify:date-fns: http fetch GET 200 https://registry.npmjs.org/d[##################] / reify:date-fns: http fetch GET 200 https://registry.npmjs.org/d[##################] / reify:date-fns: http fetch GET 200 https://registry.npmjs.org/d[##################] / reify:date-fns: http fetch GET 200 https://registry.npmjs.org/d[##################] / reify:date-fns: http fetch GET 200 https://registry.npmjs.org/d[##################] / reify:date-fns: http fetch GET 200 https://registry.npmjs.org/d[##################] / reify:date-fns: http fetch GET 200 https://registry.npmjs.org/d[##################] / reify:date-fns: http fetch GET 200 https://registry.npmjs.org/d[##################] / reify:date-fns: http fetch GET 200 https://registry.npmjs.org/d[##################] / reify:date-fns: http fetch GET 200 https://registry.npmjs.org/d[##################] / reify:date-fns: http fetch GET 200 https://registry.npmjs.org/d[##################] / reify:date-fns: http fetch GET 200 https://registry.npmjs.org/d[##################] / reify:date-fns: http fetch GET 200 https://registry.npmjs.org/d[##################] / reify:date-fns: http fetch GET 200 https://registry.npmjs.org/d[##################] / reify:date-fns: http fetch GET 200 https://registry.npmjs.org/d[##################] / reify:date-fns: http fetch GET 200 https://registry.npmjs.org/d[##################] / reify:date-fns: http fetch GET 200 https://registry.npmjs.org/d[##################] / reify:date-fns: http fetch GET 200 https://registry.npmjs.org/d[##################] / reify:date-fns: http fetch GET 200 https://registry.npmjs.org/d[##################] / reify:date-fns: http fetch GET 200 https://registry.npmjs.org/d[##################] / reify:date-fns: http fetch GET 200 https://registry.npmjs.org/d[##################] / reify:date-fns: http fetch GET 200 https://registry.npmjs.org/d[##################] / reify:date-fns: http fetch GET 200 https://registry.npmjs.org/d[##################] / reify:date-fns: http fetch GET 200 https://registry.npmjs.org/d[##################] / reify:date-fns: http fetch GET 200 https://registry.npmjs.org/d[##################] / reify:date-fns: http fetch GET 200 https://registry.npmjs.org/d[##################] / reify:date-fns: http fetch GET 200 https://registry.npmjs.org/d[##################] / reify:date-fns: http fetch GET 200 https://registry.npmjs.org/d[##################] \ reify:date-fns: http fetch GET 200 https://registry.npmjs.org/d[##################] \ reify:date-fns: http fetch GET 200 https://registry.npmjs.org/d[##################] \ reify:date-fns: http fetch GET 200 https://registry.npmjs.org/d[##################] \ reify:date-fns: http fetch GET 200 https://registry.npmjs.org/d[##################] \ reify:date-fns: http fetch GET 200 https://registry.npmjs.org/d[##################] \ reify:date-fns: http fetch GET 200 https://registry.npmjs.org/d[##################] \ reify:date-fns: http fetch GET 200 https://registry.npmjs.org/d[##################] \ reify:date-fns: http fetch GET 200 https://registry.npmjs.org/d[##################] \ reify:date-fns: http fetch GET 200 https://registry.npmjs.org/d[##################] \ reify:date-fns: http fetch GET 200 https://registry.npmjs.org/d[##################] \ reify:date-fns: http fetch GET 200 https://registry.npmjs.org/d[##################] \ reify:date-fns: http fetch GET 200 https://registry.npmjs.org/d[##################] \ reify:date-fns: http fetch GET 200 https://registry.npmjs.org/d[##################] \ reify:date-fns: http fetch GET 200 https://registry.npmjs.org/d[##################] \ reify:date-fns: http fetch GET 200 https://registry.npmjs.org/d[##################] \ reify:date-fns: http fetch GET 200 https://registry.npmjs.org/d[##################] \ reify:date-fns: http fetch GET 200 https://registry.npmjs.org/d[##################] \ reify:date-fns: http fetch GET 200 https://registry.npmjs.org/d[##################] \ reify:date-fns: http fetch GET 200 https://registry.npmjs.org/d[##################] \ reify:date-fns: http fetch GET 200 https://registry.npmjs.org/d[##################] \ reify:date-fns: http fetch GET 200 https://registry.npmjs.org/d[##################] \ reify:date-fns: http fetch GET 200 https://registry.npmjs.org/d[##################] \ reify:date-fns: http fetch GET 200 https://registry.npmjs.org/d[##################] \ reify:date-fns: http fetch GET 200 https://registry.npmjs.org/d[##################] \ reify:date-fns: http fetch GET 200 https://registry.npmjs.org/d[##################] \ reify:date-fns: http fetch GET 200 https://registry.npmjs.org/d[##################] \ reify:date-fns: http fetch GET 200 https://registry.npmjs.org/d[##################] \ reify:date-fns: http fetch GET 200 https://registry.npmjs.org/d[##################] \ reify:date-fns: http fetch GET 200 https://registry.npmjs.org/d[##################] \ reify:date-fns: http fetch GET 200 https://registry.npmjs.org/d[##################] \ reify:date-fns: http fetch GET 200 https://registry.npmjs.org/d[##################] \ reify:date-fns: http fetch GET 200 https://registry.npmjs.org/d[##################] \ reify:date-fns: http fetch GET 200 https://registry.npmjs.org/d[##################] \ reify:date-fns: http fetch GET 200 https://registry.npmjs.org/d[##################] \ reify:date-fns: http fetch GET 200 https://registry.npmjs.org/d[##################] \ reify:date-fns: http fetch GET 200 https://registry.npmjs.org/d[##################] \ reify:date-fns: http fetch GET 200 https://registry.npmjs.org/d[##################] \ reify:date-fns: http fetch GET 200 https://registry.npmjs.org/d[##################] \ reify:date-fns: http fetch GET 200 https://registry.npmjs.org/d[##################] \ reify:date-fns: http fetch GET 200 https://registry.npmjs.org/d[##################] \ reify:date-fns: http fetch GET 200 https://registry.npmjs.org/d[##################] \ reify:date-fns: http fetch GET 200 https://registry.npmjs.org/d[##################] \ reify:date-fns: http fetch GET 200 https://registry.npmjs.org/d[##################] \ reify:date-fns: http fetch GET 200 https://registry.npmjs.org/d[##################] \ reify:date-fns: http fetch GET 200 https://registry.npmjs.org/d[##################] \ reify:date-fns: http fetch GET 200 https://registry.npmjs.org/d[##################] \ reify:date-fns: http fetch GET 200 https://registry.npmjs.org/d[##################] \ reify:date-fns: http fetch GET 200 https://registry.npmjs.org/d[##################] \ reify:date-fns: http fetch GET 200 https://registry.npmjs.org/d[##################] \ reify:date-fns: http fetch GET 200 https://registry.npmjs.org/d[##################] \ reify:date-fns: http fetch GET 200 https://registry.npmjs.org/d[##################] \ reify:date-fns: http fetch GET 200 https://registry.npmjs.org/d[##################] \ reify:date-fns: http fetch GET 200 https://registry.npmjs.org/d[##################] \ reify:date-fns: http fetch GET 200 https://registry.npmjs.org/d[##################] \ reify:date-fns: http fetch GET 200 https://registry.npmjs.org/d[##################] \ reify:date-fns: http fetch GET 200 https://registry.npmjs.org/d[##################] \ reify:date-fns: http fetch GET 200 https://registry.npmjs.org/d[##################] \ reify:date-fns: http fetch GET 200 https://registry.npmjs.org/d[##################] \ reify:date-fns: http fetch GET 200 https://registry.npmjs.org/d[##################] \ reify:date-fns: http fetch GET 200 https://registry.npmjs.org/d[##################] \ reify:date-fns: http fetch GET 200 https://registry.npmjs.org/d[##################] \ reify:date-fns: http fetch GET 200 https://registry.npmjs.org/d[##################] \ reify:date-fns: http fetch GET 200 https://registry.npmjs.org/d[##################] \ reify:date-fns: http fetch GET 200 https://registry.npmjs.org/d[##################] \ reify:date-fns: http fetch GET 200 https://registry.npmjs.org/d[##################] \ reify:date-fns: http fetch GET 200 https://registry.npmjs.org/d[##################] \ reify:date-fns: http fetch GET 200 https://registry.npmjs.org/d[##################] \ reify:date-fns: http fetch GET 200 https://registry.npmjs.org/d[##################] \ reify:date-fns: http fetch GET 200 https://registry.npmjs.org/d[##################] \ reify:date-fns: http fetch GET 200 https://registry.npmjs.org/d[##################] \ reify:date-fns: http fetch GET 200 https://registry.npmjs.org/d[##################] \ reify:date-fns: http fetch GET 200 https://registry.npmjs.org/d[##################] \ reify:date-fns: http fetch GET 200 https://registry.npmjs.org/d[##################] \ reify:date-fns: http fetch GET 200 https://registry.npmjs.org/d[##################] \ reify:date-fns: http fetch GET 200 https://registry.npmjs.org/d[##################] \ reify:date-fns: http fetch GET 200 https://registry.npmjs.org/d[##################] \ reify:date-fns: http fetch GET 200 https://registry.npmjs.org/d[##################] \ reify:date-fns: http fetch GET 200 https://registry.npmjs.org/d[##################] \ reify:date-fns: http fetch GET 200 https://registry.npmjs.org/d[##################] \ reify:date-fns: http fetch GET 200 https://registry.npmjs.org/d[##################] \ reify:date-fns: http fetch GET 200 https://registry.npmjs.org/d[##################] \ reify:date-fns: http fetch GET 200 https://registry.npmjs.org/d[##################] \ reify:date-fns: http fetch GET 200 https://registry.npmjs.org/d[##################] \ reify:date-fns: http fetch GET 200 https://registry.npmjs.org/d[##################] \ reify:date-fns: http fetch GET 200 https://registry.npmjs.org/d[##################] \ reify:date-fns: http fetch GET 200 https://registry.npmjs.org/d[##################] \ reify:date-fns: http fetch GET 200 https://registry.npmjs.org/d[##################] \ reify:date-fns: http fetch GET 200 https://registry.npmjs.org/d[##################] \ reify:date-fns: http fetch GET 200 https://registry.npmjs.org/d[##################] \ reify:date-fns: http fetch GET 200 https://registry.npmjs.org/d[##################] \ reify:date-fns: http fetch GET 200 https://registry.npmjs.org/d[##################] \ reify:date-fns: http fetch GET 200 https://registry.npmjs.org/d[##################] \ reify:date-fns: http fetch GET 200 https://registry.npmjs.org/d[##################] \ reify:date-fns: http fetch GET 200 https://registry.npmjs.org/d[##################] \ reify:date-fns: http fetch GET 200 https://registry.npmjs.org/d[##################] \ reify:date-fns: http fetch GET 200 https://registry.npmjs.org/d[##################] \ reify:date-fns: http fetch GET 200 https://registry.npmjs.org/d[##################] \ reify:date-fns: http fetch GET 200 https://registry.npmjs.org/d[##################] \ reify:date-fns: http fetch GET 200 https://registry.npmjs.org/d[##################] \ reify:date-fns: http fetch GET 200 https://registry.npmjs.org/d[##################] \ reify:date-fns: http fetch GET 200 https://registry.npmjs.org/d[##################] \ reify:date-fns: http fetch GET 200 https://registry.npmjs.org/d[##################] \ reify:date-fns: http fetch GET 200 https://registry.npmjs.org/d[##################] \ reify:date-fns: http fetch GET 200 https://registry.npmjs.org/d[##################] \ reify:date-fns: http fetch GET 200 https://registry.npmjs.org/d[##################] \ reify:date-fns: http fetch GET 200 https://registry.npmjs.org/d[##################] \ reify:date-fns: http fetch GET 200 https://registry.npmjs.org/d[##################] \ reify:date-fns: http fetch GET 200 https://registry.npmjs.org/d[##################] \ reify:date-fns: http fetch GET 200 https://registry.npmjs.org/d[##################] \ reify:date-fns: http fetch GET 200 https://registry.npmjs.org/d[##################] \ reify:date-fns: http fetch GET 200 https://registry.npmjs.org/d[##################] \ reify:date-fns: http fetch GET 200 https://registry.npmjs.org/d[##################] \ reify:date-fns: http fetch GET 200 https://registry.npmjs.org/d[##################] \ reify:date-fns: http fetch GET 200 https://registry.npmjs.org/d[##################] \ reify:date-fns: http fetch GET 200 https://registry.npmjs.org/d[##################] \ reify:date-fns: http fetch GET 200 https://registry.npmjs.org/d[##################] \ reify:date-fns: http fetch GET 200 https://registry.npmjs.org/d[##################] \ reify:date-fns: http fetch GET 200 https://registry.npmjs.org/d[##################] \ reify:date-fns: http fetch GET 200 https://registry.npmjs.org/d[##################] \ reify:date-fns: http fetch GET 200 https://registry.npmjs.org/d[##################] \ reify:date-fns: http fetch GET 200 https://registry.npmjs.org/d[##################] \ reify:date-fns: http fetch GET 200 https://registry.npmjs.org/d[##################] \ reify:date-fns: http fetch GET 200 https://registry.npmjs.org/d[##################] \ reify:date-fns: http fetch GET 200 https://registry.npmjs.org/d[##################] \ reify:date-fns: http fetch GET 200 https://registry.npmjs.org/d[##################] \ reify:date-fns: http fetch GET 200 https://registry.npmjs.org/d[##################] \ reify:date-fns: http fetch GET 200 https://registry.npmjs.org/d[##################] \ reify:date-fns: http fetch GET 200 https://registry.npmjs.org/d[##################] \ reify:date-fns: http fetch GET 200 https://registry.npmjs.org/d[##################] \ reify:date-fns: http fetch GET 200 https://registry.npmjs.org/d[##################] \ reify:date-fns: http fetch GET 200 https://registry.npmjs.org/d[##################] \ reify:date-fns: http fetch GET 200 https://registry.npmjs.org/d[##################] \ reify:date-fns: http fetch GET 200 https://registry.npmjs.org/d[##################] \ reify:date-fns: http fetch GET 200 https://registry.npmjs.org/d[##################] \ reify:date-fns: http fetch GET 200 https://registry.npmjs.org/d[##################] \ reify:date-fns: http fetch GET 200 https://registry.npmjs.org/d[##################] \ reify:date-fns: http fetch GET 200 https://registry.npmjs.org/d[##################] \ reify:date-fns: http fetch GET 200 https://registry.npmjs.org/d[##################] \ reify:date-fns: http fetch GET 200 https://registry.npmjs.org/d[##################] \ reify:date-fns: http fetch GET 200 https://registry.npmjs.org/d[##################] \ reify:date-fns: http fetch GET 200 https://registry.npmjs.org/d[##################] \ reify:date-fns: http fetch GET 200 https://registry.npmjs.org/d[##################] \ reify:date-fns: http fetch GET 200 https://registry.npmjs.org/d[##################] \ reify:date-fns: http fetch GET 200 https://registry.npmjs.org/d[##################] \ reify:date-fns: http fetch GET 200 https://registry.npmjs.org/d[##################] \ reify:date-fns: http fetch GET 200 https://registry.npmjs.org/d[##################] \ reify:date-fns: http fetch GET 200 https://registry.npmjs.org/d[##################] \ reify:date-fns: http fetch GET 200 https://registry.npmjs.org/d[##################] \ reify:date-fns: http fetch GET 200 https://registry.npmjs.org/d[##################] \ reify:date-fns: http fetch GET 200 https://registry.npmjs.org/d[##################] \ reify:date-fns: http fetch GET 200 https://registry.npmjs.org/d[##################] \ reify:date-fns: http fetch GET 200 https://registry.npmjs.org/d[##################] \ reify:date-fns: http fetch GET 200 https://registry.npmjs.org/d[##################] \ reify:date-fns: http fetch GET 200 https://registry.npmjs.org/d[##################] \ reify:date-fns: http fetch GET 200 https://registry.npmjs.org/d[##################] \ reify:date-fns: http fetch GET 200 https://registry.npmjs.org/d[##################] \ reify:date-fns: http fetch GET 200 https://registry.npmjs.org/d[##################] \ reify:date-fns: http fetch GET 200 https://registry.npmjs.org/d[##################] \ reify:date-fns: http fetch GET 200 https://registry.npmjs.org/d[##################] \ reify:date-fns: http fetch GET 200 https://registry.npmjs.org/d[##################] \ reify:date-fns: http fetch GET 200 https://registry.npmjs.org/d[##################] \ reify:date-fns: http fetch GET 200 https://registry.npmjs.org/d[##################] \ reify:date-fns: http fetch GET 200 https://registry.npmjs.org/d[##################] \ reify:date-fns: http fetch GET 200 https://registry.npmjs.org/d[##################] \ reify:date-fns: http fetch GET 200 https://registry.npmjs.org/d[##################] \ reify:date-fns: http fetch GET 200 https://registry.npmjs.org/d[##################] \ reify:date-fns: http fetch GET 200 https://registry.npmjs.org/d[##################] \ reify:date-fns: http fetch GET 200 https://registry.npmjs.org/d[##################] \ reify:date-fns: http fetch GET 200 https://registry.npmjs.org/d[##################] \ reify:date-fns: http fetch GET 200 https://registry.npmjs.org/d[##################] \ reify:date-fns: http fetch GET 200 https://registry.npmjs.org/d[##################] \ reify:date-fns: http fetch GET 200 https://registry.npmjs.org/d[##################] \ reify:date-fns: http fetch GET 200 https://registry.npmjs.org/d[##################] \ reify:date-fns: http fetch GET 200 https://registry.npmjs.org/d[##################] \ reify:date-fns: http fetch GET 200 https://registry.npmjs.org/d[##################] \ reify:date-fns: http fetch GET 200 https://registry.npmjs.org/d[##################] \ reify:date-fns: http fetch GET 200 https://registry.npmjs.org/d[##################] \ reify:date-fns: http fetch GET 200 https://registry.npmjs.org/d[##################] \ reify:date-fns: http fetch GET 200 https://registry.npmjs.org/d[##################] \ reify:date-fns: http fetch GET 200 https://registry.npmjs.org/d[##################] \ reify:date-fns: http fetch GET 200 https://registry.npmjs.org/d[##################] \ reify:date-fns: http fetch GET 200 https://registry.npmjs.org/d[##################] \ reify:date-fns: http fetch GET 200 https://registry.npmjs.org/d[##################] \ reify:date-fns: http fetch GET 200 https://registry.npmjs.org/d[##################] \ reify:date-fns: http fetch GET 200 https://registry.npmjs.org/d[##################] \ reify:date-fns: http fetch GET 200 https://registry.npmjs.org/d[##################] \ reify:date-fns: http fetch GET 200 https://registry.npmjs.org/d[##################] \ reify:date-fns: http fetch GET 200 https://registry.npmjs.org/d[##################] \ reify:date-fns: http fetch GET 200 https://registry.npmjs.org/d[##################] \ reify:date-fns: http fetch GET 200 https://registry.npmjs.org/d[##################] \ reify:date-fns: http fetch GET 200 https://registry.npmjs.org/d[##################] \ reify:date-fns: http fetch GET 200 https://registry.npmjs.org/d[##################] \ reify:date-fns: http fetch GET 200 https://registry.npmjs.org/d[##################] \ reify:date-fns: http fetch GET 200 https://registry.npmjs.org/d[##################] \ reify:date-fns: http fetch GET 200 https://registry.npmjs.org/d[##################] \ reify:date-fns: http fetch GET 200 https://registry.npmjs.org/d[##################] \ reify:date-fns: http fetch GET 200 https://registry.npmjs.org/d[##################] \ reify:date-fns: http fetch GET 200 https://registry.npmjs.org/d[##################] \ reify:date-fns: http fetch GET 200 https://registry.npmjs.org/d[##################] \ reify:date-fns: http fetch GET 200 https://registry.npmjs.org/d[##################] \ reify:date-fns: http fetch GET 200 https://registry.npmjs.org/d[##################] \ reify:date-fns: http fetch GET 200 https://registry.npmjs.org/d[##################] \ reify:date-fns: http fetch GET 200 https://registry.npmjs.org/d[##################] \ reify:date-fns: http fetch GET 200 https://registry.npmjs.org/d[##################] \ reify:date-fns: http fetch GET 200 https://registry.npmjs.org/d[##################] \ reify:date-fns: http fetch GET 200 https://registry.npmjs.org/d[##################] \ reify:date-fns: http fetch GET 200 https://registry.npmjs.org/d[##################] \ reify:date-fns: http fetch GET 200 https://registry.npmjs.org/d[##################] \ reify:date-fns: http fetch GET 200 https://registry.npmjs.org/d[##################] \ reify:date-fns: http fetch GET 200 https://registry.npmjs.org/d[##################] \ reify:date-fns: http fetch GET 200 https://registry.npmjs.org/d[##################] \ reify:date-fns: http fetch GET 200 https://registry.npmjs.org/d[##################] \ reify:date-fns: http fetch GET 200 https://registry.npmjs.org/d[##################] \ reify:date-fns: http fetch GET 200 https://registry.npmjs.org/d[##################] \ reify:date-fns: http fetch GET 200 https://registry.npmjs.org/d[##################] \ reify:date-fns: http fetch GET 200 https://registry.npmjs.org/d[##################] \ reify:date-fns: http fetch GET 200 https://registry.npmjs.org/d[##################] \ reify:date-fns: http fetch GET 200 https://registry.npmjs.org/d[##################] \ reify:date-fns: http fetch GET 200 https://registry.npmjs.org/d[##################] \ reify:date-fns: http fetch GET 200 https://registry.npmjs.org/d[##################] \ reify:date-fns: http fetch GET 200 https://registry.npmjs.org/d[##################] \ reify:date-fns: http fetch GET 200 https://registry.npmjs.org/d[##################] \ reify:date-fns: http fetch GET 200 https://registry.npmjs.org/d[##################] \ reify:date-fns: http fetch GET 200 https://registry.npmjs.org/d[##################] \ reify:date-fns: http fetch GET 200 https://registry.npmjs.org/d[##################] \ reify:date-fns: http fetch GET 200 https://registry.npmjs.org/d[##################] \ reify:date-fns: http fetch GET 200 https://registry.npmjs.org/d[##################] \ reify:date-fns: http fetch GET 200 https://registry.npmjs.org/d[##################] \ reify:date-fns: http fetch GET 200 https://registry.npmjs.org/d[##################] \ reify:date-fns: http fetch GET 200 https://registry.npmjs.org/d[##################] \ reify:date-fns: http fetch GET 200 https://registry.npmjs.org/d[##################] \ reify:date-fns: http fetch GET 200 https://registry.npmjs.org/d[##################] \ reify:date-fns: http fetch GET 200 https://registry.npmjs.org/d[##################] \ reify:date-fns: http fetch GET 200 https://registry.npmjs.org/d[##################] \ reify:date-fns: http fetch GET 200 https://registry.npmjs.org/d[##################] \ reify:date-fns: http fetch GET 200 https://registry.npmjs.org/d[##################] \ reify:date-fns: http fetch GET 200 https://registry.npmjs.org/d[##################] \ reify:date-fns: http fetch GET 200 https://registry.npmjs.org/d[##################] \ reify:date-fns: http fetch GET 200 https://registry.npmjs.org/d[##################] \ reify:date-fns: http fetch GET 200 https://registry.npmjs.org/d[##################] \ reify:date-fns: http fetch GET 200 https://registry.npmjs.org/d[##################] \ reify:date-fns: http fetch GET 200 https://registry.npmjs.org/d[##################] \ reify:date-fns: http fetch GET 200 https://registry.npmjs.org/d[##################] \ reify:date-fns: http fetch GET 200 https://registry.npmjs.org/d[##################] \ reify:date-fns: http fetch GET 200 https://registry.npmjs.org/d[##################] \ reify:date-fns: http fetch GET 200 https://registry.npmjs.org/d[##################] \ reify:date-fns: http fetch GET 200 https://registry.npmjs.org/d[##################] \ reify:date-fns: http fetch GET 200 https://registry.npmjs.org/d[##################] \ reify:date-fns: http fetch GET 200 https://registry.npmjs.org/d[##################] \ reify:date-fns: http fetch GET 200 https://registry.npmjs.org/d[##################] \ reify:date-fns: http fetch GET 200 https://registry.npmjs.org/d[##################] \ reify:date-fns: http fetch GET 200 https://registry.npmjs.org/d[##################] \ reify:date-fns: http fetch GET 200 https://registry.npmjs.org/d[##################] \ reify:date-fns: http fetch GET 200 https://registry.npmjs.org/d[##################] \ reify:date-fns: http fetch GET 200 https://registry.npmjs.org/d[##################] \ reify:date-fns: http fetch GET 200 https://registry.npmjs.org/d[##################] \ reify:date-fns: http fetch GET 200 https://registry.npmjs.org/d[##################] \ reify:date-fns: http fetch GET 200 https://registry.npmjs.org/d[##################] \ reify:date-fns: http fetch GET 200 https://registry.npmjs.org/d[##################] \ reify:date-fns: http fetch GET 200 https://registry.npmjs.org/d[##################] \ reify:date-fns: http fetch GET 200 https://registry.npmjs.org/d[##################] \ reify:date-fns: http fetch GET 200 https://registry.npmjs.org/d[##################] \ reify:date-fns: http fetch GET 200 https://registry.npmjs.org/d[##################] \ reify:date-fns: http fetch GET 200 https://registry.npmjs.org/d[##################] \ reify:date-fns: http fetch GET 200 https://registry.npmjs.org/d[##################] \ reify:date-fns: http fetch GET 200 https://registry.npmjs.org/d[##################] \ reify:date-fns: http fetch GET 200 https://registry.npmjs.org/d[##################] \ reify:date-fns: http fetch GET 200 https://registry.npmjs.org/d[##################] \ reify:date-fns: http fetch GET 200 https://registry.npmjs.org/d[##################] \ reify:date-fns: http fetch GET 200 https://registry.npmjs.org/d[##################] \ reify:date-fns: http fetch GET 200 https://registry.npmjs.org/d[##################] \ reify:date-fns: http fetch GET 200 https://registry.npmjs.org/d[##################] \ reify:date-fns: http fetch GET 200 https://registry.npmjs.org/d[##################] \ reify:date-fns: http fetch GET 200 https://registry.npmjs.org/d[##################] \ reify:date-fns: http fetch GET 200 https://registry.npmjs.org/d[##################] \ reify:date-fns: http fetch GET 200 https://registry.npmjs.org/d[##################] \ reify:date-fns: http fetch GET 200 https://registry.npmjs.org/d[##################] \ reify:date-fns: http fetch GET 200 https://registry.npmjs.org/d[##################] \ reify:date-fns: http fetch GET 200 https://registry.npmjs.org/d[##################] \ reify:date-fns: http fetch GET 200 https://registry.npmjs.org/d[##################] \ reify:date-fns: http fetch GET 200 https://registry.npmjs.org/d[##################] \ reify:date-fns: http fetch GET 200 https://registry.npmjs.org/d[##################] \ reify:date-fns: http fetch GET 200 https://registry.npmjs.org/d[##################] \ reify:date-fns: http fetch GET 200 https://registry.npmjs.org/d[##################] \ reify:date-fns: http fetch GET 200 https://registry.npmjs.org/d[##################] \ reify:date-fns: http fetch GET 200 https://registry.npmjs.org/d[##################] \ reify:date-fns: http fetch GET 200 https://registry.npmjs.org/d[##################] \ reify:date-fns: http fetch GET 200 https://registry.npmjs.org/d[##################] \ reify:date-fns: http fetch GET 200 https://registry.npmjs.org/d[##################] \ reify:date-fns: http fetch GET 200 https://registry.npmjs.org/d[##################] \ reify:date-fns: http fetch GET 200 https://registry.npmjs.org/d[##################] \ reify:date-fns: http fetch GET 200 https://registry.npmjs.org/d[##################] \ reify:date-fns: http fetch GET 200 https://registry.npmjs.org/d[##################] \ reify:date-fns: http fetch GET 200 https://registry.npmjs.org/d[##################] \ reify:date-fns: http fetch GET 200 https://registry.npmjs.org/d[##################] \ reify:date-fns: http fetch GET 200 https://registry.npmjs.org/d[##################] \ reify:date-fns: http fetch GET 200 https://registry.npmjs.org/d[##################] \ reify:date-fns: http fetch GET 200 https://registry.npmjs.org/d[##################] \ reify:date-fns: http fetch GET 200 https://registry.npmjs.org/d[##################] \ reify:date-fns: http fetch GET 200 https://registry.npmjs.org/d[##################] \ reify:date-fns: http fetch GET 200 https://registry.npmjs.org/d[##################] \ reify:date-fns: http fetch GET 200 https://registry.npmjs.org/d[##################] \ reify:date-fns: http fetch GET 200 https://registry.npmjs.org/d[##################] \ reify:date-fns: http fetch GET 200 https://registry.npmjs.org/d[##################] \ reify:date-fns: http fetch GET 200 https://registry.npmjs.org/d[##################] \ reify:date-fns: http fetch GET 200 https://registry.npmjs.org/d[##################] \ reify:date-fns: http fetch GET 200 https://registry.npmjs.org/d[##################] \ reify:date-fns: http fetch GET 200 https://registry.npmjs.org/d[##################] \ reify:date-fns: http fetch GET 200 https://registry.npmjs.org/d[##################] \ reify:date-fns: http fetch GET 200 https://registry.npmjs.org/d[##################] \ reify:date-fns: http fetch GET 200 https://registry.npmjs.org/d[##################] \ reify:date-fns: http fetch GET 200 https://registry.npmjs.org/d[##################] \ reify:date-fns: http fetch GET 200 https://registry.npmjs.org/d[##################] \ reify:date-fns: http fetch GET 200 https://registry.npmjs.org/d[##################] \ reify:date-fns: http fetch GET 200 https://registry.npmjs.org/d[##################] \ reify:date-fns: http fetch GET 200 https://registry.npmjs.org/d[##################] \ reify:date-fns: http fetch GET 200 https://registry.npmjs.org/d[##################] \ reify:date-fns: http fetch GET 200 https://registry.npmjs.org/d[##################] \ reify:date-fns: http fetch GET 200 https://registry.npmjs.org/d[##################] \ reify:date-fns: http fetch GET 200 https://registry.npmjs.org/d[##################] \ reify:date-fns: http fetch GET 200 https://registry.npmjs.org/d[##################] \ reify:date-fns: http fetch GET 200 https://registry.npmjs.org/d[##################] \ reify:date-fns: http fetch GET 200 https://registry.npmjs.org/d[##################] \ reify:date-fns: http fetch GET 200 https://registry.npmjs.org/d[##################] \ reify:date-fns: http fetch GET 200 https://registry.npmjs.org/d[##################] \ reify:date-fns: http fetch GET 200 https://registry.npmjs.org/d[##################] \ reify:date-fns: http fetch GET 200 https://registry.npmjs.org/d[##################] \ reify:date-fns: http fetch GET 200 https://registry.npmjs.org/d[##################] \ reify:date-fns: http fetch GET 200 https://registry.npmjs.org/d[##################] \ reify:date-fns: http fetch GET 200 https://registry.npmjs.org/d[##################] \ reify:date-fns: http fetch GET 200 https://registry.npmjs.org/d[##################] \ reify:date-fns: http fetch GET 200 https://registry.npmjs.org/d[##################] \ reify:date-fns: http fetch GET 200 https://registry.npmjs.org/d[##################] \ reify:date-fns: http fetch GET 200 https://registry.npmjs.org/d[##################] \ reify:date-fns: http fetch GET 200 https://registry.npmjs.org/d[##################] \ reify:date-fns: http fetch GET 200 https://registry.npmjs.org/d[##################] \ reify:date-fns: http fetch GET 200 https://registry.npmjs.org/d[##################] \ reify:date-fns: http fetch GET 200 https://registry.npmjs.org/d[##################] \ reify:date-fns: http fetch GET 200 https://registry.npmjs.org/d[##################] \ reify:date-fns: http fetch GET 200 https://registry.npmjs.org/d[##################] \ reify:date-fns: http fetch GET 200 https://registry.npmjs.org/d[##################] \ reify:date-fns: http fetch GET 200 https://registry.npmjs.org/d[##################] \ reify:date-fns: http fetch GET 200 https://registry.npmjs.org/d[##################] \ reify:date-fns: http fetch GET 200 https://registry.npmjs.org/d[##################] \ reify:date-fns: http fetch GET 200 https://registry.npmjs.org/d[##################] \ reify:date-fns: http fetch GET 200 https://registry.npmjs.org/d[##################] \ reify:date-fns: http fetch GET 200 https://registry.npmjs.org/d[##################] \ reify:date-fns: http fetch GET 200 https://registry.npmjs.org/d[##################] \ reify:date-fns: http fetch GET 200 https://registry.npmjs.org/d[##################] \ reify:date-fns: http fetch GET 200 https://registry.npmjs.org/d[##################] \ reify:date-fns: http fetch GET 200 https://registry.npmjs.org/d[##################] \ reify:date-fns: http fetch GET 200 https://registry.npmjs.org/d[##################] \ reify:date-fns: http fetch GET 200 https://registry.npmjs.org/d[##################] \ reify:date-fns: http fetch GET 200 https://registry.npmjs.org/d[##################] \ reify:date-fns: http fetch GET 200 https://registry.npmjs.org/d[##################] \ reify:date-fns: http fetch GET 200 https://registry.npmjs.org/d[##################] \ reify:date-fns: http fetch GET 200 https://registry.npmjs.org/d[##################] \ reify:date-fns: http fetch GET 200 https://registry.npmjs.org/d[##################] \ reify:date-fns: http fetch GET 200 https://registry.npmjs.org/d[##################] \ reify:date-fns: http fetch GET 200 https://registry.npmjs.org/d[##################] \ reify:date-fns: http fetch GET 200 https://registry.npmjs.org/d[##################] \ reify:date-fns: http fetch GET 200 https://registry.npmjs.org/d[##################] \ reify:date-fns: http fetch GET 200 https://registry.npmjs.org/d[##################] \ reify:date-fns: http fetch GET 200 https://registry.npmjs.org/d[##################] \ reify:date-fns: http fetch GET 200 https://registry.npmjs.org/d[##################] \ reify:date-fns: http fetch GET 200 https://registry.npmjs.org/d[##################] \ reify:date-fns: http fetch GET 200 https://registry.npmjs.org/d[##################] \ reify:date-fns: http fetch GET 200 https://registry.npmjs.org/d[##################] \ reify:date-fns: http fetch GET 200 https://registry.npmjs.org/d[##################] \ reify:date-fns: http fetch GET 200 https://registry.npmjs.org/d[##################] \ reify:date-fns: http fetch GET 200 https://registry.npmjs.org/d[##################] \ reify:date-fns: http fetch GET 200 https://registry.npmjs.org/d[##################] \ reify:date-fns: http fetch GET 200 https://registry.npmjs.org/d[##################] \ reify:date-fns: http fetch GET 200 https://registry.npmjs.org/d[##################] \ reify:date-fns: http fetch GET 200 https://registry.npmjs.org/d[##################] \ reify:date-fns: http fetch GET 200 https://registry.npmjs.org/d[##################] \ reify:date-fns: http fetch GET 200 https://registry.npmjs.org/d[##################] \ reify:date-fns: http fetch GET 200 https://registry.npmjs.org/d[##################] \ reify:date-fns: http fetch GET 200 https://registry.npmjs.org/d[##################] \ reify:date-fns: http fetch GET 200 https://registry.npmjs.org/d[##################] \ reify:date-fns: http fetch GET 200 https://registry.npmjs.org/d[##################] \ reify:date-fns: http fetch GET 200 https://registry.npmjs.org/d[##################] \ reify:date-fns: http fetch GET 200 https://registry.npmjs.org/d[##################] \ reify:date-fns: http fetch GET 200 https://registry.npmjs.org/d[##################] \ reify:date-fns: http fetch GET 200 https://registry.npmjs.org/d[##################] \ reify:date-fns: http fetch GET 200 https://registry.npmjs.org/d[##################] \ r[##################] \ reify:date-fns: http fetch GET 200 https://registry.npmjs.org/d3.tgz 123515ms (cache miss)                                         [#[##################] \ reify:date-fns: http fetch GET 200 https://registry.npmjs.org/date-fns/-/date-fns-2.29.3.tgz 123515ms (cache miss)                             [##################] \ reify:date-fns: http fetch GET 200 https://registry.npmjs.org[##################] \ reify:date-fns: http fetch GET 200 https://registry.npmjs.org/d[##################] \ reify:date-fns: http fetch GET 200 https://registry.npmjs.org/d[##################] \ reify:date-fns: http fetch GET 200 https://registry.npmjs.org/d[##################] \ reify:date-fns: http fetch GET 200 https://registry.npmjs.org/d[##################] \ reify:date-fns: http fetch GET 200 https://registry.npmjs.org/d[##################] \ reify:date-fns: http fetch GET 200 https://registry.npmjs.org/d[##################] \ reify:date-fns: http fetch GET 200 https://registry.npmjs.org/d[##################] \ reify:date-fns: http fetch GET 200 https://registry.npmjs.org/d[##################] \ reify:date-fns: http fetch GET 200 https://registry.npmjs.org/d[##################] \ reify:date-fns: http fetch GET 200 https://registry.npmjs.org/d[##################] \ reify:date-fns: http fetch GET 200 https://registry.npmjs.org/d[##################] \ reify:date-fns: http fetch GET 200 https://registry.npmjs.org/d[##################] \ reify:date-fns: http fetch GET 200 https://registry.npmjs.org/d[##################] \ reify:date-fns: http fetch GET 200 https://registry.npmjs.org/d[##################] \ reify:date-fns: http fetch GET 200 https://registry.npmjs.org/d[##################] \ reify:date-fns: http fetch GET 200 https://registry.npmjs.org/d[##################] \ reify:date-fns: http fetch GET 200 https://registry.npmjs.org/d[##################] \ reify:date-fns: http fetch GET 200 https://registry.npmjs.org/d[##################] \ reify:date-fns: http fetch GET 200 https://registry.npmjs.org/d[##################] \ reify:date-fns: http fetch GET 200 https://registry.npmjs.org/d[##################] \ reify:date-fns: http fetch GET 200 https://registry.npmjs.org/d[##################] \ reify:date-fns: http fetch GET 200 https://registry.npmjs.org/d[##################] \ reify:date-fns: http fetch GET 200 https://registry.npmjs.org/d[##################] \ reify:date-fns: http fetch GET 200 https://registry.npmjs.org/d[##################] \ reify:date-fns: http fetch GET 200 https://registry.npmjs.org/d[##################] \ reify:date-fns: http fetch GET 200 https://registry.npmjs.org/d[##################] \ reify:date-fns: http fetch GET 200 https://registry.npmjs.org/d[##################] \ reify:date-fns: http fetch GET 200 https://registry.npmjs.org/d[##################] \ reify:date-fns: http fetch GET 200 https://registry.npmjs.org/d[##################] \ reify:date-fns: http fetch GET 200 https://registry.npmjs.org/d[##################] \ reify:date-fns: http fetch GET 200 https://registry.npmjs.org/d[##################] \ reify:date-fns: http fetch GET 200 https://registry.npmjs.org/d[##################] \ reify:date-fns: http fetch GET 200 https://registry.npmjs.org/d[##################] \ reify:date-fns: http fetch GET 200 https://registry.npmjs.org/d[##################] \ reify:date-fns: http fetch GET 200 https://registry.npmjs.org/d[##################] / reify:date-fns: http fetch GET 200 https://registry.npmjs.org/d[##################] / reify:date-fns: http fetch GET 200 https://registry.npmjs.org/d[##################] / reify:date-fns: http fetch GET 200 https://registry.npmjs.org/d[##################] / reify:date-fns: http fetch GET 200 https://registry.npmjs.org/d[##################] / reify:date-fns: http fetch GET 200 https://registry.npmjs.org/d[##################] / reify:date-fns: http fetch GET 200 https://registry.npmjs.org/d[##################] \ reify:date-fns: http fetch GET 200 https://registry.npmjs.org/d[##################] \ reify:date-fns: http fetch GET 200 https://registry.npmjs.org/d[##################] \ reify:date-fns: http fetch GET 200 https://registry.npmjs.org/d
added 738 packages, and audited 739 packages in 4m

29 packages are looking for funding
  run `npm fund` for details

23 vulnerabilities (20 moderate, 3 high)

To address all issues possible (including breaking changes), run:
  npm audit fix --force

Some issues need review, and may require choosing
a different dependency.

Run `npm audit` for details.

D:\React-Apps\react-routing-app\react-routing-app>heroku login
    Warning: Our terms of service have changed:
    https://dashboard.heroku.com/terms-of-service
heroku: Press any key to open up the browser to login or q to exit:
Opening browser to https://cli-auth.heroku.com/auth/cli/browser/bbd042b0-615c-441a-a962-279e2fe660b2?requestor=SFMyNTY.g2gDbQAAAA4xMzcuOTcuMTE3LjExOG4GAAjS6rmEAWIAAVGA.KcSd9DCWkmsZnH77V5vyOLZYN_wCJuBmcEJJs1ylFvQ
Logging in... done
Logged in as athiramj123@gmail.com

D:\React-Apps\react-routing-app\react-routing-app>heroku create
Creating app... done,  boiling-oasis-82124
https://boiling-oasis-82124.herokuapp.com/ | https://git.heroku.com/boiling-oasis-82124.git

D:\React-Apps\react-routing-app\react-routing-app>git remote -v
heroku  https://git.heroku.com/boiling-oasis-82124.git (fetch)
heroku  https://git.heroku.com/boiling-oasis-82124.git (push)

D:\React-Apps\react-routing-app\react-routing-app>git branch
* master

D:\React-Apps\react-routing-app\react-routing-app>git push heroku master
Enumerating objects: 22, done.
Counting objects: 100% (22/22), done.
Delta compression using up to 8 threads
Compressing objects: 100% (22/22), done.
Writing objects: 100% (22/22), 305.56 KiB | 2.01 MiB/s, done.
Total 22 (delta 0), reused 0 (delta 0), pack-reused 0
remote: Compressing source files... done.
remote: Building source:
remote:
remote: -----> Building on the Heroku-22 stack
remote: -----> Determining which buildpack to use for this app
remote: -----> Node.js app detected
remote:
remote: -----> Creating runtime environment
remote:
remote:        NPM_CONFIG_LOGLEVEL=error
remote:        NODE_VERBOSE=false
remote:        NODE_ENV=production
remote:        NODE_MODULES_CACHE=true
remote:
remote: -----> Installing binaries
remote:        engines.node (package.json):  unspecified
remote:        engines.npm (package.json):   unspecified (use default)
remote:
remote:        Resolving node version 18.x...
remote:        Downloading and installing node 18.12.1...
remote:        Using default npm version: 8.19.2
remote:
remote: -----> Installing dependencies
remote:        Installing node modules
remote:
remote:        added 1465 packages, and audited 1466 packages in 18s
remote:
remote:        226 packages are looking for funding
remote:          run `npm fund` for details
remote:
remote:        6 high severity vulnerabilities
remote:
remote:        To address all issues (including breaking changes), run:
remote:          npm audit fix --force
remote:
remote:        Run `npm audit` for details.
remote:
remote: -----> Build
remote:        Running build
remote:
remote:        > react-routing-app@0.1.0 build
remote:        > react-scripts build
remote:
remote:        Creating an optimized production build...
remote:        Compiled successfully.
remote:
remote:        File sizes after gzip:
remote:
remote:          46.61 kB  build/static/js/main.9d6232ae.js
remote:          1.79 kB   build/static/js/787.79cbaff7.chunk.js
remote:          541 B     build/static/css/main.073c9b0a.css
remote:
remote:        The project was built assuming it is hosted at /.
remote:        You can control this with the homepage field in your package.json.
remote:
remote:        The build folder is ready to be deployed.
remote:        You may serve it with a static server:
remote:
remote:          npm install -g serve
remote:          serve -s build
remote:
remote:        Find out more about deployment here:
remote:
remote:          https://cra.link/deployment
remote:
remote:
remote: -----> Caching build
remote:        - npm cache
remote:
remote: -----> Pruning devDependencies
remote:
remote:        up to date, audited 1466 packages in 3s
remote:
remote:        226 packages are looking for funding
remote:          run `npm fund` for details
remote:
remote:        6 high severity vulnerabilities
remote:
remote:        To address all issues (including breaking changes), run:
remote:          npm audit fix --force
remote:
remote:        Run `npm audit` for details.
remote:
remote: -----> Build succeeded!
remote: -----> Discovering process types
remote:        Procfile declares types     -> (none)
remote:        Default types for buildpack -> web
remote:
remote: -----> Compressing...
remote:        Done: 87.6M
remote: -----> Launching...
remote:        Released v3
remote:        https://boiling-oasis-82124.herokuapp.com/ deployed to Heroku
remote:
remote: Starting November 28th, 2022, free Heroku Dynos, free Heroku Postgres, and free Heroku Data for Redis will no longer be available.
remote:
remote: If you have apps using any of these resources, you must upgrade to paid plans by this date to ensure your apps continue to run and to retain your data. For students, we will announce a new program by the end of September. Learn more at https://blog.heroku.com/next-chapter
remote:
remote: Verifying deploy... done.
To https://git.heroku.com/boiling-oasis-82124.git
 * [new branch]      master -> master

D:\React-Apps\react-routing-app\react-routing-app>git status
On branch master
Changes not staged for commit:
  (use "git add <file>..." to update what will be committed)
  (use "git restore <file>..." to discard changes in working directory)
        modified:   package-lock.json
        modified:   package.json
        modified:   src/App.js

Untracked files:
  (use "git add <file>..." to include in what will be committed)
        .firebase/
        .firebaserc
        firebase.json
        src/components/

no changes added to commit (use "git add" and/or "git commit -a")

D:\React-Apps\react-routing-app\react-routing-app>git add src/components

D:\React-Apps\react-routing-app\react-routing-app>git commit -am "Fix : components added"
warning: in the working copy of 'package-lock.json', LF will be replaced by CRLF the next time Git touches it
warning: in the working copy of 'package.json', LF will be replaced by CRLF the next time Git touches it
warning: in the working copy of 'src/App.js', LF will be replaced by CRLF the next time Git touches it
[master f3a8354] Fix : components added
 7 files changed, 3610 insertions(+), 118 deletions(-)
 create mode 100644 src/components/comp1/Comp.scss
 create mode 100644 src/components/comp1/Comp1.js
 create mode 100644 src/components/comp2/Comp2.js
 create mode 100644 src/components/comp3/Comp3.js

D:\React-Apps\react-routing-app\react-routing-app>git push heroku master
Enumerating objects: 19, done.
Counting objects: 100% (19/19), done.
Delta compression using up to 8 threads
Compressing objects: 100% (11/11), done.
Writing objects: 100% (14/14), 39.45 KiB | 453.00 KiB/s, done.
Total 14 (delta 4), reused 0 (delta 0), pack-reused 0
remote: Compressing source files... done.
remote: Building source:
remote:
remote: -----> Building on the Heroku-22 stack
remote: -----> Using buildpack: heroku/nodejs
remote: -----> Node.js app detected
remote:
remote: -----> Creating runtime environment
remote:
remote:        NPM_CONFIG_LOGLEVEL=error
remote:        NODE_VERBOSE=false
remote:        NODE_ENV=production
remote:        NODE_MODULES_CACHE=true
remote:
remote: -----> Installing binaries
remote:        engines.node (package.json):  unspecified
remote:        engines.npm (package.json):   unspecified (use default)
remote:
remote:        Resolving node version 18.x...
remote:        Downloading and installing node 18.12.1...
remote:        Using default npm version: 8.19.2
remote:
remote: -----> Restoring cache
remote:        - npm cache
remote:
remote: -----> Installing dependencies
remote:        Installing node modules
remote:        npm ERR! code ERESOLVE
remote:        npm ERR! ERESOLVE could not resolve
remote:        npm ERR!
remote:        npm ERR! While resolving: @mui/styles@5.10.15
remote:        npm ERR! Found: react@18.2.0
remote:        npm ERR! node_modules/react
remote:        npm ERR!   react@"^18.2.0" from the root project
remote:        npm ERR!   peer react@"^17.0.0 || ^18.0.0" from @mui/private-theming@5.10.15
remote:        npm ERR!   node_modules/@mui/private-theming
remote:        npm ERR!     @mui/private-theming@"^5.10.15" from @mui/styles@5.10.15
remote:        npm ERR!     node_modules/@mui/styles
remote:        npm ERR!       @mui/styles@"^5.10.15" from the root project
remote:        npm ERR!   8 more (@mui/utils, @testing-library/react, react-dom, ...)
remote:        npm ERR!
remote:        npm ERR! Could not resolve dependency:
remote:        npm ERR! peer react@"^17.0.0" from @mui/styles@5.10.15
remote:        npm ERR! node_modules/@mui/styles
remote:        npm ERR!   @mui/styles@"^5.10.15" from the root project
remote:        npm ERR!
remote:        npm ERR! Conflicting peer dependency: react@17.0.2
remote:        npm ERR! node_modules/react
remote:        npm ERR!   peer react@"^17.0.0" from @mui/styles@5.10.15
remote:        npm ERR!   node_modules/@mui/styles
remote:        npm ERR!     @mui/styles@"^5.10.15" from the root project
remote:        npm ERR!
remote:        npm ERR! Fix the upstream dependency conflict, or retry
remote:        npm ERR! this command with --force, or --legacy-peer-deps
remote:        npm ERR! to accept an incorrect (and potentially broken) dependency resolution.
remote:        npm ERR!
remote:        npm ERR! See /tmp/npmcache.qMGdw/eresolve-report.txt for a full report
remote:
remote:        npm ERR! A complete log of this run can be found in:
remote:        npm ERR!     /tmp/npmcache.qMGdw/_logs/2022-11-27T16_39_36_845Z-debug-0.log
remote:
remote: -----> Build failed
remote:
remote:        We're sorry this build is failing! You can troubleshoot common issues here:
remote:        https://devcenter.heroku.com/articles/troubleshooting-node-deploys
remote:
remote:        Some possible problems:
remote:
remote:        - Node version not specified in package.json
remote:          https://devcenter.heroku.com/articles/nodejs-support#specifying-a-node-js-version
remote:
remote:        Love,
remote:        Heroku
remote:
remote:  !     Push rejected, failed to compile Node.js app.
remote:
remote:  !     Push failed
remote: Verifying deploy...
remote:
remote: !       Push rejected to boiling-oasis-82124.
remote:
To https://git.heroku.com/boiling-oasis-82124.git
 ! [remote rejected] master -> master (pre-receive hook declined)
error: failed to push some refs to 'https://git.heroku.com/boiling-oasis-82124.git'

D:\React-Apps\react-routing-app\react-routing-app>git status
On branch master
Untracked files:
  (use "git add <file>..." to include in what will be committed)
        .firebase/
        .firebaserc
        firebase.json

nothing added to commit but untracked files present (use "git add" to track)

D:\React-Apps\react-routing-app\react-routing-app>git push heroku master
Enumerating objects: 19, done.
Counting objects: 100% (19/19), done.
Delta compression using up to 8 threads
Compressing objects: 100% (11/11), done.
Writing objects: 100% (14/14), 39.45 KiB | 271.00 KiB/s, done.
Total 14 (delta 4), reused 0 (delta 0), pack-reused 0
remote: Compressing source files... done.
remote: Building source:
remote:
remote: -----> Building on the Heroku-22 stack
remote: -----> Using buildpack: heroku/nodejs
remote: -----> Node.js app detected
remote:
remote: -----> Creating runtime environment
remote:
remote:        NPM_CONFIG_LOGLEVEL=error
remote:        NODE_VERBOSE=false
remote:        NODE_ENV=production
remote:        NODE_MODULES_CACHE=true
remote:
remote: -----> Installing binaries
remote:        engines.node (package.json):  unspecified
remote:        engines.npm (package.json):   unspecified (use default)
remote:
remote:        Resolving node version 18.x...
remote:        Downloading and installing node 18.12.1...
remote:        Using default npm version: 8.19.2
remote:
remote: -----> Restoring cache
remote:        - npm cache
remote:
remote: -----> Installing dependencies
remote:        Installing node modules
remote:        npm ERR! code ERESOLVE
remote:        npm ERR! ERESOLVE could not resolve
remote:        npm ERR!
remote:        npm ERR! While resolving: @mui/styles@5.10.15
remote:        npm ERR! Found: react@18.2.0
remote:        npm ERR! node_modules/react
remote:        npm ERR!   react@"^18.2.0" from the root project
remote:        npm ERR!   peer react@"^17.0.0 || ^18.0.0" from @mui/private-theming@5.10.15
remote:        npm ERR!   node_modules/@mui/private-theming
remote:        npm ERR!     @mui/private-theming@"^5.10.15" from @mui/styles@5.10.15
remote:        npm ERR!     node_modules/@mui/styles
remote:        npm ERR!       @mui/styles@"^5.10.15" from the root project
remote:        npm ERR!   8 more (@mui/utils, @testing-library/react, react-dom, ...)
remote:        npm ERR!
remote:        npm ERR! Could not resolve dependency:
remote:        npm ERR! peer react@"^17.0.0" from @mui/styles@5.10.1
remote:        npm ERR! node_modules/@mui/styles
remote:        npm ERR!   @mui/styles@"^5.10.15" from the root project
remote:        npm ERR!
remote:        npm ERR! Conflicting peer dependency: react@17.0.2
remote:        npm ERR! node_modules/react
remote:        npm ERR!   peer react@"^17.0.0" from @mui/styles@5.10.15
remote:        npm ERR!   node_modules/@mui/styles
remote:        npm ERR!     @mui/styles@"^5.10.15" from the root project
remote:        npm ERR!
remote:        npm ERR! Fix the upstream dependency conflict, or retry
remote:        npm ERR! this command with --force, or --legacy-peer-deps
remote:        npm ERR! to accept an incorrect (and potentially broken) dependency resolution.
remote:        npm ERR!
remote:        npm ERR! See /tmp/npmcache.AQx4K/eresolve-report.txt for a full report.
remote:
remote:        npm ERR! A complete log of this run can be found in:
remote:        npm ERR!     /tmp/npmcache.AQx4K/_logs/2022-11-27T16_49_11_285Z-debug-0.log
remote:
remote: -----> Build failed
remote:
remote:        We're sorry this build is failing! You can troubleshoot common issues here:
remote:        https://devcenter.heroku.com/articles/troubleshooting-node-deploys
remote:
remote:        Some possible problems:
remote:
remote:        - Node version not specified in package.json
remote:          https://devcenter.heroku.com/articles/nodejs-support#specifying-a-node-js-version
remote:
remote:        Love,
remote:        Heroku
remote:
remote:  !     Push rejected, failed to compile Node.js app.
remote:
remote:  !     Push failed
remote:  !
remote:  ! ## Warning - The same version of this code has already been built: f3a83543542967a38538c272353f0552c3ca4d90
remote:  !
remote:  ! We have detected that you have triggered a build from source code with version f3a83543542967a38538c272353f0552c3ca4d90
remote:  ! at least twice. One common cause of this behavior is attempting to deploy code from a different branch.
remote:  !
remote:  ! If you are developing on a branch and deploying via git you must run:
remote:  !
remote:  !     git push heroku <branchname>:main
remote:  !
remote:  ! This article goes into details on the behavior:
remote:  !   https://devcenter.heroku.com/articles/duplicate-build-version
remote:
remote: Verifying deploy...
remote:
remote: !       Push rejected to boiling-oasis-82124.
remote:
To https://git.heroku.com/boiling-oasis-82124.git
 ! [remote rejected] master -> master (pre-receive hook declined)
error: failed to push some refs to 'https://git.heroku.com/boiling-oasis-82124.git'

D:\React-Apps\react-routing-app\react-routing-app>git status
On branch master
Untracked files:
  (use "git add <file>..." to include in what will be committed)
        .firebase/
        .firebaserc
        .npmrc
        firebase.json

nothing added to commit but untracked files present (use "git add" to track)

D:\React-Apps\react-routing-app\react-routing-app>git add .npmrc

D:\React-Apps\react-routing-app\react-routing-app>git commit -am "Fix : .npmrc added"
[master 7eeeb57] Fix : .npmrc added
 1 file changed, 1 insertion(+)
 create mode 100644 .npmrc

D:\React-Apps\react-routing-app\react-routing-app>git push heroku master
Enumerating objects: 22, done.
Counting objects: 100% (22/22), done.
Delta compression using up to 8 threads
Compressing objects: 100% (13/13), done.
Writing objects: 100% (17/17), 39.77 KiB | 232.00 KiB/s, done.
Total 17 (delta 4), reused 0 (delta 0), pack-reused 0
remote: Compressing source files... done.
remote: Building source:
remote:
remote: -----> Building on the Heroku-22 stack
remote: -----> Using buildpack: heroku/nodejs
remote: -----> Node.js app detected
remote:
remote: -----> Creating runtime environment
remote:
remote:        NPM_CONFIG_LOGLEVEL=error
remote:        NODE_VERBOSE=false
remote:        NODE_ENV=production
remote:        NODE_MODULES_CACHE=true
remote:
remote: -----> Installing binaries
remote:        engines.node (package.json):  unspecified
remote:        engines.npm (package.json):   unspecified (use default)
remote:
remote:        Resolving node version 18.x...
remote:        Downloading and installing node 18.12.1...
remote:        Using default npm version: 8.19.2
remote:
remote: -----> Restoring cache
remote:        - npm cache
remote:
remote: -----> Installing dependencies
remote:        Installing node modules
remote:
remote:        added 1650 packages, and audited 1651 packages in 2m
remote:
remote:        240 packages are looking for funding
remote:          run `npm fund` for details
remote:
remote:        6 high severity vulnerabilities
remote:
remote:        To address all issues (including breaking changes), run:
remote:          npm audit fix --force
remote:
remote:        Run `npm audit` for details.
remote:
remote: -----> Build
remote:        Running build
remote:
remote:        > react-routing-app@0.1.0 build
remote:        > react-scripts build
remote:
remote:        Creating an optimized production build...
remote:        Compiled with warnings.
remote:
remote:        [eslint]
remote:        src/components/comp3/Comp3.js
remote:          Line 8:11:  'isMobile' is assigned a value but never used  no-unused-vars
remote:
remote:        Search for the keywords to learn more about each warning.
remote:        To ignore, add // eslint-disable-next-line to the line before.
remote:
remote:        File sizes after gzip:
remote:
remote:          73 kB    build/static/js/main.e0a09a8c.js
remote:          1.79 kB  build/static/js/787.79cbaff7.chunk.js
remote:          547 B    build/static/css/main.224fcedb.css
remote:
remote:        The project was built assuming it is hosted at /.
remote:        You can control this with the homepage field in your package.json.
remote:
remote:        The build folder is ready to be deployed.
remote:        You may serve it with a static server:
remote:
remote:          npm install -g serve
remote:          serve -s build
remote:
remote:        Find out more about deployment here:
remote:
remote:          https://cra.link/deployment
remote:
remote:
remote: -----> Caching build
remote:        - npm cache
remote:
remote: -----> Pruning devDependencies
remote:
remote:        up to date, audited 1651 packages in 4s
remote:
remote:        240 packages are looking for funding
remote:          run `npm fund` for details
remote:
remote:        6 high severity vulnerabilities
remote:
remote:        To address all issues (including breaking changes), run:
remote:          npm audit fix --force
remote:
remote:        Run `npm audit` for details.
remote:
remote: -----> Build succeeded!
remote: -----> Discovering process types
remote:        Procfile declares types     -> (none)
remote:        Default types for buildpack -> web
remote:
remote: -----> Compressing...
remote:        Done: 91.5M
remote: -----> Launching...
remote:        Released v4
remote:        https://boiling-oasis-82124.herokuapp.com/ deployed to Heroku
remote:
remote: Starting November 28th, 2022, free Heroku Dynos, free Heroku Postgres, and free Heroku Data for Redis will no longer be available.
remote:
remote: If you have apps using any of these resources, you must upgrade to paid plans by this date to ensure your apps continue to run and to retain your data. For students, we will announce a new program by the end of September. Learn more at https://blog.heroku.com/next-chapter
remote:
remote: Verifying deploy... done.
To https://git.heroku.com/boiling-oasis-82124.git
   becc1a7..7eeeb57  master -> master

D:\React-Apps\react-routing-app\react-routing-app>